derivative_of_the_kinematic_jacobian
           0            0            0
           0            0            0
           0            0            0
           0            0            0
           0            0            0
           0            0            0
           0            0            0
           0            0            0
           0           -0            0
           0            0            0
           0         0.01            0
           0  -0.00577351            0
           0            0            0
           0            0            0
           0            0            0
           0            0            0
           0         0.01         0.01
           0  -0.00577351 -7.20402e-19
