discover: WAIST -- WAIST_LINK0
	discover: WAIST_P -- WAIST_LINK1
		discover: WAIST_R -- WAIST_LINK2
			discover: CHEST -- WAIST_LINK3
				discover: LARM_SHOULDER_P -- LARM_LINK1
					discover: LARM_SHOULDER_R -- LARM_LINK2
						discover: LARM_SHOULDER_Y -- LARM_LINK3
							discover: LARM_ELBOW -- LARM_LINK4
								discover: LARM_WRIST_Y -- LARM_LINK5
									discover: LARM_WRIST_P -- LARM_LINK6
										discover: LARM_WRIST_R -- LARM_LINK7
										finish: LARM_WRIST_R -- LARM_LINK7
									finish: LARM_WRIST_P -- LARM_LINK6
								finish: LARM_WRIST_Y -- LARM_LINK5
							finish: LARM_ELBOW -- LARM_LINK4
						finish: LARM_SHOULDER_Y -- LARM_LINK3
					finish: LARM_SHOULDER_R -- LARM_LINK2
				finish: LARM_SHOULDER_P -- LARM_LINK1
				discover: RARM_SHOULDER_P -- RARM_LINK1
					discover: RARM_SHOULDER_R -- RARM_LINK2
						discover: RARM_SHOULDER_Y -- RARM_LINK3
							discover: RARM_ELBOW -- RARM_LINK4
								discover: RARM_WRIST_Y -- RARM_LINK5
									discover: RARM_WRIST_P -- RARM_LINK6
										discover: RARM_WRIST_R -- RARM_LINK7
										finish: RARM_WRIST_R -- RARM_LINK7
									finish: RARM_WRIST_P -- RARM_LINK6
								finish: RARM_WRIST_Y -- RARM_LINK5
							finish: RARM_ELBOW -- RARM_LINK4
						finish: RARM_SHOULDER_Y -- RARM_LINK3
					finish: RARM_SHOULDER_R -- RARM_LINK2
				finish: RARM_SHOULDER_P -- RARM_LINK1
			finish: CHEST -- WAIST_LINK3
		finish: WAIST_R -- WAIST_LINK2
	finish: WAIST_P -- WAIST_LINK1
	discover: LLEG_HIP_R -- LLEG_LINK1
		discover: LLEG_HIP_P -- LLEG_LINK2
			discover: LLEG_HIP_Y -- LLEG_LINK3
				discover: LLEG_KNEE -- LLEG_LINK4
					discover: LLEG_ANKLE_P -- LLEG_LINK5
						discover: LLEG_ANKLE_R -- LLEG_LINK6
						finish: LLEG_ANKLE_R -- LLEG_LINK6
					finish: LLEG_ANKLE_P -- LLEG_LINK5
				finish: LLEG_KNEE -- LLEG_LINK4
			finish: LLEG_HIP_Y -- LLEG_LINK3
		finish: LLEG_HIP_P -- LLEG_LINK2
	finish: LLEG_HIP_R -- LLEG_LINK1
	discover: RLEG_HIP_R -- RLEG_LINK1
		discover: RLEG_HIP_P -- RLEG_LINK2
			discover: RLEG_HIP_Y -- RLEG_LINK3
				discover: RLEG_KNEE -- RLEG_LINK4
					discover: RLEG_ANKLE_P -- RLEG_LINK5
						discover: RLEG_ANKLE_R -- RLEG_LINK6
						finish: RLEG_ANKLE_R -- RLEG_LINK6
					finish: RLEG_ANKLE_P -- RLEG_LINK5
				finish: RLEG_KNEE -- RLEG_LINK4
			finish: RLEG_HIP_Y -- RLEG_LINK3
		finish: RLEG_HIP_P -- RLEG_LINK2
	finish: RLEG_HIP_R -- RLEG_LINK1
finish: WAIST -- WAIST_LINK0
