derivative_of_the_kinematic_jacobian
    0.605886     0.393752     -0.11331     0.446249    0.0240426    -0.870381            0            0            0            0            0            0            0            0            0            0            0            0            0            0            0            0            0            0            0            0            0            0            0            0            0            0            0            0            0
   -0.397662     0.509713    -0.407798    -0.281491     0.432281    0.0382397            0            0            0            0            0            0            0            0            0            0            0            0            0            0            0            0            0            0            0            0            0            0            0            0            0            0            0            0            0
     0.19984     0.101806   -0.0197567     0.330389     -0.76235     0.246191            0            0            0            0            0            0            0            0            0            0            0            0            0            0            0            0            0            0            0            0            0            0            0            0            0            0            0            0            0
    0.446249    0.0240426    -0.870381            0            0            0            0            0            0            0            0            0            0            0            0            0            0            0            0            0            0            0            0            0            0            0            0            0            0            0            0            0            0            0            0
   -0.281491     0.432281    0.0382397            0            0            0            0            0            0            0            0            0            0            0            0            0            0            0            0            0            0            0            0            0            0            0            0            0            0            0            0            0            0            0            0
    0.330389     -0.76235     0.246191            0            0            0            0            0            0            0            0            0            0            0            0            0            0            0            0            0            0            0            0            0            0            0            0            0            0            0            0            0            0            0            0
    0.614501     0.383718    -0.105109     0.554643    -0.404683    -0.585711            0            0            0            0            0            0            0            0            0            0            0            0            0            0            0            0            0            0            0            0            0            0            0            0            0            0     0.306798            0            0
   -0.397662     0.509713    -0.407798    -0.281491     0.432281    0.0382397            0            0            0            0            0            0            0            0            0            0            0            0            0            0            0            0            0            0            0            0            0            0            0            0            0            0            0            0            0
   -0.171529    -0.134781    0.0467091    0.0258133     -0.64652     0.689286            0            0            0            0            0            0            0            0            0            0            0            0            0            0            0            0            0            0            0            0            0            0            0            0            0            0    -0.416462            0            0
    0.554643    -0.404683    -0.585711            0            0            0            0            0            0            0            0            0            0            0            0            0            0            0            0            0            0            0            0            0            0            0            0            0            0            0            0            0            0            0            0
   -0.281491     0.432281    0.0382397            0            0            0            0            0            0            0            0            0            0            0            0            0            0            0            0            0            0            0            0            0            0            0            0            0            0            0            0            0            0            0            0
   0.0258133     -0.64652     0.689286            0            0            0            0            0            0            0            0            0            0            0            0            0            0            0            0            0            0            0            0            0            0            0            0            0            0            0            0            0            0            0            0
    0.614501     0.383718    -0.105109     0.554643    -0.404683    -0.585711            0            0            0            0            0            0            0            0            0            0            0            0            0            0            0            0            0            0            0            0            0            0            0            0            0            0     0.306798            0            0
   -0.284009     0.517761    -0.387742     -0.26486     0.669803    -0.264322            0            0            0            0            0            0            0            0            0            0            0            0            0            0            0            0            0            0            0            0            0            0            0            0            0            0     0.180523    -0.945078            0
    -0.32695    0.0994833    -0.134674   -0.0987547    -0.395245     0.637739            0            0            0            0            0            0            0            0            0            0            0            0            0            0            0            0            0            0            0            0            0            0            0            0            0            0    -0.375303      1.25702            0
    0.554643    -0.404683    -0.585711            0            0            0            0            0            0            0            0            0            0            0            0            0            0            0            0            0            0            0            0            0            0            0            0            0            0            0            0            0            0            0            0
    -0.26486     0.669803    -0.264322            0            0            0            0            0            0            0            0            0            0            0            0            0            0            0            0            0            0            0            0            0            0            0            0            0            0            0            0            0            0            0            0
  -0.0987547    -0.395245     0.637739            0            0            0            0            0            0            0            0            0            0            0            0            0            0            0            0            0            0            0            0            0            0            0            0            0            0            0            0            0            0            0            0
    0.500512     0.521772    -0.216948     0.449194    -0.184297     -0.63811            0            0            0            0            0            0            0            0            0            0            0            0            0            0            0            0            0            0            0            0            0            0            0            0            0            0     0.346908    -0.284477      -1.2422
   -0.455808     0.378245     -0.33812    -0.419529     0.760552   -0.0757586            0            0            0            0            0            0            0            0            0            0            0            0            0            0            0            0            0            0            0            0            0            0            0            0            0            0     0.079801    -0.901246     0.240623
    -0.32695    0.0994833    -0.134674   -0.0987547    -0.395245     0.637739            0            0            0            0            0            0            0            0            0            0            0            0            0            0            0            0            0            0            0            0            0            0            0            0            0            0    -0.375303      1.25702            0
    0.289661   -0.0519111    -0.756452    -0.146835     0.266193   -0.0265155            0            0            0            0            0            0            0            0            0            0            0            0            0            0            0            0            0            0            0            0            0            0            0            0            0            0    0.0279303    -0.315436            0
   -0.594708     0.577932   0.00017307    -0.157218    0.0645039     0.223338            0            0            0            0            0            0            0            0            0            0            0            0            0            0            0            0            0            0            0            0            0            0            0            0            0            0    -0.121418    0.0995671            0
  -0.0987547    -0.395245     0.637739            0            0            0            0            0            0            0            0            0            0            0            0            0            0            0            0            0            0            0            0            0            0            0            0            0            0            0            0            0            0            0            0
    0.404198     0.530174    -0.243499      0.41086     -0.27625    -0.460731            0            0            0            0            0            0            0            0            0            0            0            0            0            0            0            0            0            0            0      1.24349            0            0            0            0            0            0      0.24341    0.0349645     -1.20368
   -0.455808     0.378245     -0.33812    -0.419529     0.760552   -0.0757586            0            0            0            0            0            0            0            0            0            0            0            0            0            0            0            0            0            0            0            0            0            0            0            0            0            0     0.079801    -0.901246     0.240623
   -0.440491   -0.0325357    -0.076888    -0.206691    -0.337446     0.775644            0            0            0            0            0            0            0            0            0            0            0            0            0            0            0            0            0            0            0    -0.565434            0            0            0            0            0            0    -0.449388      1.28834     0.306958
    0.348778    -0.141137    -0.559256   -0.0988763     0.328802    -0.188578            0            0            0            0            0            0            0            0            0            0            0            0            0            0            0            0            0            0            0            0            0            0            0            0            0            0     0.121436    -0.576204   -0.0644612
   -0.594708     0.577932   0.00017307    -0.157218    0.0645039     0.223338            0            0            0            0            0            0            0            0            0            0            0            0            0            0            0            0            0            0            0            0            0            0            0            0            0            0    -0.121418    0.0995671            0
  -0.0823879    -0.258823     0.753752     0.122565    -0.123791   -0.0902013            0            0            0            0            0            0            0            0            0            0            0            0            0            0            0            0            0            0            0            0            0            0            0            0            0            0    0.0442142    0.0852892    -0.252773
    0.404198     0.530174    -0.243499      0.41086     -0.27625    -0.460731            0            0            0            0            0            0            0            0            0            0            0            0            0            0            0            0            0            0            0      1.24349            0            0            0            0            0            0      0.24341    0.0349645     -1.20368
   -0.399351     0.379408    -0.326378    -0.391537       0.7957    -0.168758            0            0            0            0            0            0            0            0            0            0            0            0            0            0            0            0            0            0            0    0.0681985      -1.4053            0            0            0            0            0      0.13342     -1.05006     0.201844
   -0.492251     0.013323    -0.117108    -0.255783    -0.243251     0.760844            0            0            0            0            0            0            0            0            0            0            0            0            0            0            0            0            0            0            0    -0.561306      1.25648            0            0            0            0            0    -0.436482      1.17023     0.333739
    0.348778    -0.141137    -0.559256   -0.0988763     0.328802    -0.188578            0            0            0            0            0            0            0            0            0            0            0            0            0            0            0            0            0            0            0            0            0            0            0            0            0            0     0.121436    -0.576204   -0.0644612
   -0.580429      0.60493   -0.0907402    -0.170853    0.0789638     0.232587            0            0            0            0            0            0            0            0            0            0            0            0            0            0            0            0            0            0            0            0            0            0            0            0            0            0    -0.125864    0.0885532    0.0304876
   -0.153516    -0.187228      0.74827     0.102708    -0.115107   -0.0626053            0            0            0            0            0            0            0            0            0            0            0            0            0            0            0            0            0            0            0            0            0            0            0            0            0            0    0.0292469    0.0966756    -0.250928
    0.541111     0.301257   -0.0695608     0.543519    -0.606253    -0.334593            0            0            0            0            0            0            0            0            0            0            0            0            0            0            0            0            0            0            0       1.0782     0.635573     -1.30658            0            0            0            0      0.15675     0.506093     -1.16483
   -0.173367     0.578169    -0.401218    -0.163384      0.58473    -0.358887            0            0            0            0            0            0            0            0            0            0            0            0            0            0            0            0            0            0            0     0.623218     -1.25336    -0.201574            0            0            0            0     0.229082    -0.920712    -0.364368
   -0.492251     0.013323    -0.117108    -0.255783    -0.243251     0.760844            0            0            0            0            0            0            0            0            0            0            0            0            0            0            0            0            0            0            0    -0.561306      1.25648            0            0            0            0            0    -0.436482      1.17023     0.333739
    0.619175    -0.551527    -0.352231    0.0320558     0.103755    -0.178995            0            0            0            0            0            0            0            0            0            0            0            0            0            0            0            0            0            0            0    -0.163906     0.329633            0            0            0            0            0     0.104982    -0.311809    0.0245485
    -0.21762     0.554924    -0.352159   -0.0541538    0.0596889     0.034154            0            0            0            0            0            0            0            0            0            0            0            0            0            0            0            0            0            0            0     0.283567     0.167156            0            0            0            0            0   -0.0161089   -0.0485186    -0.308312
   -0.153516    -0.187228      0.74827     0.102708    -0.115107   -0.0626053            0            0            0            0            0            0            0            0            0            0            0            0            0            0            0            0            0            0            0            0            0            0            0            0            0            0    0.0292469    0.0966756    -0.250928
     0.72401     0.181316    0.0461319      0.54306    -0.197856    -0.799938            0            0            0            0            0            0            0            0            0            0            0            0            0            0            0            0            0            0            0      1.11888    -0.565404    -0.830976     0.170965            0            0            0     0.436524    -0.581191    -0.998366
   -0.173367     0.578169    -0.401218    -0.163384      0.58473    -0.358887            0            0            0            0            0            0            0            0            0            0            0            0            0            0            0            0            0            0            0     0.623218     -1.25336    -0.201574            0            0            0            0     0.229082    -0.920712    -0.364368
    0.104506     0.240952     -0.12816     0.256756    -0.622549     0.225686            0            0            0            0            0            0            0            0            0            0            0            0            0            0            0            0            0            0            0     0.475057      1.28958     -1.00829     0.524389            0            0            0    -0.156635      1.13481    -0.686639
    0.512257    -0.206283    -0.801453   -0.0588718     0.154815   -0.0655267            0            0            0            0            0            0            0            0            0            0            0            0            0            0            0            0            0            0            0    -0.104243     0.209644            0            0            0            0            0     0.044198    -0.272912     0.209253
    -0.21762     0.554924    -0.352159   -0.0541538    0.0596889     0.034154            0            0            0            0            0            0            0            0            0            0            0            0            0            0            0            0            0            0            0     0.283567     0.167156            0            0            0            0            0   -0.0161089   -0.0485186    -0.308312
     0.38018    -0.544687     0.204078    0.0900584   0.00686034    -0.177946            0            0            0            0            0            0            0            0            0            0            0            0            0            0            0            0            0            0            0    -0.126486     0.254376            0            0            0            0            0    0.0996152    -0.179137    -0.140644
    0.388881      0.53725    -0.251324     0.268091     0.273982    -0.819176            0            0            0            0            0            0            0            0            0            0            0            0            0            0            0            0            0            0            0      1.23158     -1.28643    -0.729784     0.120799     -1.12851            0            0     0.470542     -1.06219    -0.963257
   -0.634838     0.280209    -0.316133    -0.499736     0.553164     0.312494            0            0            0            0            0            0            0            0            0            0            0            0            0            0            0            0            0            0            0    -0.351426    -0.485477      0.44561    -0.120983     0.388069            0            0    -0.147042     -0.23927     0.449037
    0.104506     0.240952     -0.12816     0.256756    -0.622549     0.225686            0            0            0            0            0            0            0            0            0            0            0            0            0            0            0            0            0            0            0     0.475057      1.28958     -1.00829     0.524389            0            0            0    -0.156635      1.13481    -0.686639
    0.364753     0.177724      -0.7374    0.0435161    0.0149945   -0.0993162            0            0            0            0            0            0            0            0            0            0            0            0            0            0            0            0            0            0            0     0.213812     0.386327    -0.110066    0.0298827            0            0            0    0.0561489    -0.168065    -0.181236
   -0.420206     0.670768     0.256242    0.0696154  0.000294041    -0.131835            0            0            0            0            0            0            0            0            0            0            0            0            0            0            0            0            0            0            0     0.578328    -0.347994    -0.180257    0.0298373            0            0            0    0.0735655    -0.103518    -0.603845
     0.38018    -0.544687     0.204078    0.0900584   0.00686034    -0.177946            0            0            0            0            0            0            0            0            0            0            0            0            0            0            0            0            0            0            0    -0.126486     0.254376            0            0            0            0            0    0.0996152    -0.179137    -0.140644
    0.246852     0.282712    -0.122926    0.0586321     0.594336    -0.789226            0            0            0            0            0            0            0            0            0            0            0            0            0            0            0            0            0            0            0     0.694767     -1.80414    0.0272146    -0.220392    -0.899498    -0.192064            0     0.469644     -1.53194     -0.35312
   -0.634838     0.280209    -0.316133    -0.499736     0.553164     0.312494            0            0            0            0            0            0            0            0            0            0            0            0            0            0            0            0            0            0            0    -0.351426    -0.485477      0.44561    -0.120983     0.388069            0            0    -0.147042     -0.23927     0.449037
    0.318141     0.516497    -0.253925      0.36655    -0.330754     -0.31481            0            0            0            0            0            0            0            0            0            0            0            0            0            0            0            0            0            0            0       1.1224     0.251011     -1.24438     0.490921    -0.681504    -0.632391            0      0.15931     0.263062       -1.129
   0.0611419     0.470591    -0.710997   -0.0197008   0.00780868    0.0282993            0            0            0            0            0            0            0            0            0            0            0            0            0            0            0            0            0            0            0     0.246806     0.154311   -0.0877293    0.0238184            0            0            0   -0.0154029   -0.0257788   -0.0595228
   -0.420206     0.670768     0.256242    0.0696154  0.000294041    -0.131835            0            0            0            0            0            0            0            0            0            0            0            0            0            0            0            0            0            0            0     0.578328    -0.347994    -0.180257    0.0298373            0            0            0    0.0735655    -0.103518    -0.603845
      0.5233    -0.326823    -0.282649    0.0980614    0.0145233    -0.201811            0            0            0            0            0            0            0            0            0            0            0            0            0            0            0            0            0            0            0    0.0283026     0.436055   -0.0664681     0.018046            0            0            0     0.113308    -0.244277     -0.22155
    0.246852     0.282712    -0.122926    0.0586321     0.594336    -0.789226            0            0            0            0            0            0            0            0            0            0            0            0            0            0            0            0            0            0            0     0.694767     -1.80414    0.0272146    -0.220392    -0.899498    -0.192064            0     0.469644     -1.53194     -0.35312
   -0.706195   -0.0424545     -0.12936    -0.618506     0.644207     0.432912            0            0            0            0            0            0            0            0            0            0            0            0            0            0            0            0            0            0            0    -0.901089    -0.544208      1.04618    -0.366561     0.694256     0.340935    -0.340089     -0.20973    -0.343342      0.98686
  -0.0743068     0.586075    -0.384296    0.0393007    0.0196515   -0.0966699            0            0            0            0            0            0            0            0            0            0            0            0            0            0            0            0            0            0            0     0.755855   -0.0503221    -0.807815     0.348244    -0.364766    -0.532617      0.88755    0.0549023    0.0925634    -0.708792
   0.0611419     0.470591    -0.710997   -0.0197008   0.00780868    0.0282993            0            0            0            0            0            0            0            0            0            0            0            0            0            0            0            0            0            0            0     0.246806     0.154311   -0.0877293    0.0238184            0            0            0   -0.0154029   -0.0257788   -0.0595228
   -0.636032     0.741137     0.368197   0.00576511  -0.00758214  -0.00223439            0            0            0            0            0            0            0            0            0            0            0            0            0            0            0            0            0            0            0     0.471825    -0.528177    -0.115983    0.0154008            0            0            0   0.00087238    0.0445094    -0.389133
    0.214197    0.0863651   -0.0999093     0.120121    0.0123904    -0.241046            0            0            0            0            0            0            0            0            0            0            0            0            0            0            0            0            0            0            0     0.335626     0.179647    -0.153161    0.0312848            0            0            0     0.135092    -0.261546    -0.512141
   0.0331479     0.389276    -0.237027     0.186577    -0.427597       0.1357            0            0            0            0            0            0     0.602816            0            0            0            0            0            0            0            0            0            0            0            0            0            0            0            0            0            0            0   -0.0968104     0.844107    -0.735966
   -0.455808     0.378245     -0.33812    -0.419529     0.760552   -0.0757586            0            0            0            0            0            0            0            0            0            0            0            0            0            0            0            0            0            0            0            0            0            0            0            0            0            0     0.079801    -0.901246     0.240623
   -0.596917    -0.361396     0.094982    -0.420377   -0.0857012     0.891898            0            0            0            0            0            0      -1.2258            0            0            0            0            0            0            0            0            0            0            0            0            0            0            0            0            0            0            0    -0.501822     0.973918      1.00071
  -0.0332939    -0.425056    0.0855324    -0.175274     0.139714     0.171589            0            0            0            0            0            0            0            0            0            0            0            0            0            0            0            0            0            0            0            0            0            0            0            0            0            0   -0.0888349    0.0176372      0.21015
   -0.594708     0.577932   0.00017307    -0.157218    0.0645039     0.223338            0            0            0            0            0            0            0            0            0            0            0            0            0            0            0            0            0            0            0            0            0            0            0            0            0            0    -0.121418    0.0995671            0
   -0.298819    -0.274098      1.03701    0.0791085    -0.124648  -0.00713625            0            0            0            0            0            0            0            0            0            0            0            0            0            0            0            0            0            0            0            0            0            0            0            0            0            0  -0.00217034    0.0768512     0.154553
   0.0331479     0.389276    -0.237027     0.186577    -0.427597       0.1357            0            0            0            0            0            0     0.602816            0            0            0            0            0            0            0            0            0            0            0            0            0            0            0            0            0            0            0   -0.0968104     0.844107    -0.735966
   -0.750917    -0.067299    -0.123645    -0.587166     0.381231     0.673917            0            0            0            0            0            0    -0.987862      1.41945            0            0            0            0            0            0            0            0            0            0            0            0            0            0            0            0            0            0    -0.357166     0.251273     0.948929
   0.0139164    -0.518794     0.328723    0.0892029    -0.663661     0.589116            0            0            0            0            0            0    -0.725757      1.79084            0            0            0            0            0            0            0            0            0            0            0            0            0            0            0            0            0            0    -0.361423      1.30293     0.398572
  -0.0332939    -0.425056    0.0855324    -0.175274     0.139714     0.171589            0            0            0            0            0            0            0            0            0            0            0            0            0            0            0            0            0            0            0            0            0            0            0            0            0            0   -0.0888349    0.0176372      0.21015
   -0.592922     0.121281     0.835817   -0.0293307   -0.0622621      0.12648            0            0            0            0            0            0            0            0            0            0            0            0            0            0            0            0            0            0            0            0            0            0            0            0            0            0   -0.0736365     0.120884     0.124552
    0.302348    -0.628033     0.613838     0.173538    -0.125783    -0.184211            0            0            0            0            0            0            0            0            0            0            0            0            0            0            0            0            0            0            0            0            0            0            0            0            0            0    0.0965644    -0.034739    0.0915055
   -0.346529     0.303558    -0.267097    -0.131802    -0.179876     0.454306            0            0            0            0            0            0    0.0285091     0.709314    -0.658204            0            0            0            0            0            0            0            0            0            0            0            0            0            0            0            0            0    -0.262336     0.856722    -0.163298
   -0.667003    -0.252819     0.011345    -0.601833     0.543895     0.515931            0            0            0            0            0            0     -1.15691      1.22951      2.44284            0            0            0            0            0            0            0            0            0            0            0            0            0            0            0            0            0    -0.260997    -0.204159      1.18972
   0.0139164    -0.518794     0.328723    0.0892029    -0.663661     0.589116            0            0            0            0            0            0    -0.725757      1.79084            0            0            0            0            0            0            0            0            0            0            0            0            0            0            0            0            0            0    -0.361423      1.30293     0.398572
   -0.149707    -0.241083     0.488771   -0.0081959   -0.0531386    0.0761427            0            0            0            0            0            0     0.304268    -0.323362            0            0            0            0            0            0            0            0            0            0            0            0            0            0            0            0            0            0   -0.0451028     0.129378   -0.0686274
   -0.588084     0.397293      0.61099    0.0275164    -0.171055     0.143294            0            0            0            0            0            0   0.00749789     0.186549            0            0            0            0            0            0            0            0            0            0            0            0            0            0            0            0            0            0    -0.088386     0.321213    -0.040075
    0.302348    -0.628033     0.613838     0.173538    -0.125783    -0.184211            0            0            0            0            0            0            0            0            0            0            0            0            0            0            0            0            0            0            0            0            0            0            0            0            0            0    0.0965644    -0.034739    0.0915055
   -0.342542     0.240992    -0.226944    -0.120501    -0.256036     0.519902            0            0            0            0            0            0   -0.0563138       0.9133    -0.653714    -0.703753            0            0            0            0            0            0            0            0            0            0            0            0            0            0            0            0    -0.302691      1.00281    -0.115707
   -0.667003    -0.252819     0.011345    -0.601833     0.543895     0.515931            0            0            0            0            0            0     -1.15691      1.22951      2.44284            0            0            0            0            0            0            0            0            0            0            0            0            0            0            0            0            0    -0.260997    -0.204159      1.18972
   0.0542293    -0.550652     0.357626     0.103963    -0.638159     0.532121            0            0            0            0            0            0     -0.72413      1.69592    0.0767513     -2.37699            0            0            0            0            0            0            0            0            0            0            0            0            0            0            0            0    -0.328367      1.19414     0.414895
   -0.113429    -0.312672     0.557014    0.0120957   -0.0674433     0.054143            0            0            0            0            0            0     0.302192    -0.321156            0            0            0            0            0            0            0            0            0            0            0            0            0            0            0            0            0            0    -0.033535     0.124444    -0.057489
   -0.588084     0.397293      0.61099    0.0275164    -0.171055     0.143294            0            0            0            0            0            0   0.00749789     0.186549            0            0            0            0            0            0            0            0            0            0            0            0            0            0            0            0            0            0    -0.088386     0.321213    -0.040075
    0.317742    -0.595637     0.552657     0.173309    -0.118729    -0.191833            0            0            0            0            0            0   -0.0354798    0.0377063            0            0            0            0            0            0            0            0            0            0            0            0            0            0            0            0            0            0     0.101165   -0.0495884    0.0988837
    -0.70227   0.00807612    -0.160211    -0.494187     0.176706     0.731765            0            0            0            0            0            0    -0.820311        1.503      1.16067    -0.520493     0.685294            0            0            0            0            0            0            0            0            0            0            0            0            0            0            0    -0.399533     0.604264      0.71517
   -0.262764    -0.349184     0.161136    -0.364009     0.574588    0.0316594            0            0            0            0            0            0    -0.817745     0.294646       2.2467     0.473662      2.59027            0            0            0            0            0            0            0            0            0            0            0            0            0            0            0    0.0106943    -0.825937     0.957792
   0.0542293    -0.550652     0.357626     0.103963    -0.638159     0.532121            0            0            0            0            0            0     -0.72413      1.69592    0.0767513     -2.37699            0            0            0            0            0            0            0            0            0            0            0            0            0            0            0            0    -0.328367      1.19414     0.414895
     -0.4148     0.122397     0.783392     0.117376    -0.306933     0.128668            0            0            0            0            0            0     0.430529    -0.184746    -0.554934    -0.116994            0            0            0            0            0            0            0            0            0            0            0            0            0            0            0            0   -0.0869322     0.512238    -0.306066
   -0.532061     0.506275    0.0374142    -0.109854   -0.0374722     0.250284            0            0            0            0            0            0    -0.400462     0.725367     0.286686    -0.128562            0            0            0            0            0            0            0            0            0            0            0            0            0            0            0            0    -0.141484     0.303063     0.185701
    0.317742    -0.595637     0.552657     0.173309    -0.118729    -0.191833            0            0            0            0            0            0   -0.0354798    0.0377063            0            0            0            0            0            0            0            0            0            0            0            0            0            0            0            0            0            0     0.101165   -0.0495884    0.0988837
   -0.693571   -0.0459465    -0.124379    -0.481614     0.113292     0.780407            0            0            0            0            0            0     -0.88735      1.66202      1.16261    -0.751016     0.681993    -0.653211            0            0            0            0            0            0            0            0            0            0            0            0            0            0      -0.4298     0.718422     0.752399
   -0.262764    -0.349184     0.161136    -0.364009     0.574588    0.0316594            0            0            0            0            0            0    -0.817745     0.294646       2.2467     0.473662      2.59027            0            0            0            0            0            0            0            0            0            0            0            0            0            0            0    0.0106943    -0.825937     0.957792
    0.122816    -0.548791      0.37161     0.151911    -0.652409     0.457819            0            0            0            0            0            0    -0.640222       1.5404   -0.0374063     -2.31452   -0.0671836     -2.53846            0            0            0            0            0            0            0            0            0            0            0            0            0            0    -0.287616      1.12915     0.342784
   -0.381652    0.0634131     0.833799     0.133801    -0.317094     0.109242            0            0            0            0            0            0     0.424977    -0.180159    -0.552261    -0.116431            0            0            0            0            0            0            0            0            0            0            0            0            0            0            0            0   -0.0765956     0.504909    -0.294897
   -0.532061     0.506275    0.0374142    -0.109854   -0.0374722     0.250284            0            0            0            0            0            0    -0.400462     0.725367     0.286686    -0.128562            0            0            0            0            0            0            0            0            0            0            0            0            0            0            0            0    -0.141484     0.303063     0.185701
    0.356877    -0.604767     0.473194     0.160968   -0.0880663    -0.203523            0            0            0            0            0            0   -0.0775163    0.0556365    0.0544036    0.0114697            0            0            0            0            0            0            0            0            0            0            0            0            0            0            0            0       0.1092   -0.0995674     0.128413
   -0.693571   -0.0459465    -0.124379    -0.481614     0.113292     0.780407            0            0            0            0            0            0     -0.88735      1.66202      1.16261    -0.751016     0.681993    -0.653211            0            0            0            0            0            0            0            0            0            0            0            0            0            0      -0.4298     0.718422     0.752399
   -0.288694   -0.0212954   -0.0504095    -0.390655     0.826635    -0.205738            0            0            0            0            0            0     -0.37811    -0.530296      1.95303      1.58563      2.26394      1.29186     0.641812            0            0            0            0            0            0            0            0            0            0            0            0            0     0.155578     -1.28562     0.650036
  -0.0280026    -0.650114     0.401892   -0.0544826    -0.269188      0.41021            0            0            0            0            0            0    -0.967276      1.47595      1.11118     -1.75132       1.2604     -2.18515     0.197928            0            0            0            0            0            0            0            0            0            0            0            0            0    -0.242143     0.551658     0.782509
   -0.381652    0.0634131     0.833799     0.133801    -0.317094     0.109242            0            0            0            0            0            0     0.424977    -0.180159    -0.552261    -0.116431            0            0            0            0            0            0            0            0            0            0            0            0            0            0            0            0   -0.0765956     0.504909    -0.294897
   -0.639627     0.743585    -0.208609    -0.176483    0.0125616     0.319025            0            0            0            0            0            0    -0.305275     0.596094     0.219098    -0.116505            0            0            0            0            0            0            0            0            0            0            0            0            0            0            0            0    -0.177365     0.311553     0.094503
   0.0364317    -0.262942     0.426374    0.0826571   -0.0948791   -0.0478229            0            0            0            0            0            0    -0.270529     0.417043      0.19273   -0.0555537            0            0            0            0            0            0            0            0            0            0            0            0            0            0            0            0     0.021998    0.0685243     0.205046
    0.605886     0.393752     -0.11331     0.446249    0.0240426    -0.870381            0            0            0            0            0            0            0            0            0            0            0            0            0            0            0            0            0            0            0            0            0            0            0            0            0            0            0            0            0
   -0.440011      0.35708    -0.321345    -0.420677     0.793416    -0.111106            0            0            0            0            0            0            0            0            0            0            0            0            0     -0.88781            0            0            0            0            0            0            0            0            0            0            0            0            0            0            0
  -0.0667958     0.377711    -0.251847     0.106885    -0.372205     0.222998            0            0            0            0            0            0            0            0            0            0            0            0            0     0.411184            0            0            0            0            0            0            0            0            0            0            0            0            0            0            0
    0.428263      0.01488    -0.868603    -0.029735    0.0686115   -0.0221572            0            0            0            0            0            0            0            0            0            0            0            0            0            0            0            0            0            0            0            0            0            0            0            0            0            0            0            0            0
   -0.452198     0.772931    -0.105211   -0.0232157  -0.00125079    0.0452807            0            0            0            0            0            0            0            0            0            0            0            0            0            0            0            0            0            0            0            0            0            0            0            0            0            0            0            0            0
    0.151382    -0.343287     0.214676    0.0327727    0.0017657   -0.0639212            0            0            0            0            0            0            0            0            0            0            0            0            0            0            0            0            0            0            0            0            0            0            0            0            0            0            0            0            0
    0.401795     0.545476    -0.253635     0.401324    -0.233595    -0.491411            0            0            0            0            0            0            0            0            0            0            0            0            0      0.27765   -0.0304127            0            0            0            0            0            0            0            0            0            0            0            0            0            0
   -0.440011      0.35708    -0.321345    -0.420677     0.793416    -0.111106            0            0            0            0            0            0            0            0            0            0            0            0            0     -0.88781            0            0            0            0            0            0            0            0            0            0            0            0            0            0            0
   -0.458389    0.0127196    -0.109249    -0.222489    -0.290771     0.752201            0            0            0            0            0            0            0            0            0            0            0            0            0     0.303287     -1.34802            0            0            0            0            0            0            0            0            0            0            0            0            0            0
    0.418104    -0.220827    -0.495718  0.000197201    0.0517998   -0.0595054            0            0            0            0            0            0            0            0            0            0            0            0            0            0            0            0            0            0            0            0            0            0            0            0            0            0            0            0            0
   -0.452198     0.772931    -0.105211   -0.0232157  -0.00125079    0.0452807            0            0            0            0            0            0            0            0            0            0            0            0            0            0            0            0            0            0            0            0            0            0            0            0            0            0            0            0            0
   -0.177524    -0.263255     0.744862    0.0442514   -0.0450271   -0.0321864            0            0            0            0            0            0            0            0            0            0            0            0            0            0            0            0            0            0            0            0            0            0            0            0            0            0            0            0            0
    0.569354     0.289321   -0.0558291     0.559152    -0.603425     -0.36735            0            0            0            0            0            0            0            0            0            0            0            0            0     0.689236   -0.0262191     -1.05892            0            0            0            0            0            0            0            0            0            0            0            0            0
    -0.17574     0.584247    -0.405557    -0.159311     0.565644    -0.344793            0            0            0            0            0            0            0            0            0            0            0            0            0    -0.624699   -0.0154107     0.941227            0            0            0            0            0            0            0            0            0            0            0            0            0
   -0.458389    0.0127196    -0.109249    -0.222489    -0.290771     0.752201            0            0            0            0            0            0            0            0            0            0            0            0            0     0.303287     -1.34802            0            0            0            0            0            0            0            0            0            0            0            0            0            0
    0.651714    -0.788569    -0.230687    0.0682502    -0.154664    0.0476396            0            0            0            0            0            0            0            0            0            0            0            0            0     0.220831    0.0054477            0            0            0            0            0            0            0            0            0            0            0            0            0            0
   0.0232844     0.656729     -0.36163     0.177746    -0.188141    -0.120974            0            0            0            0            0            0            0            0            0            0            0            0            0     0.243645  -0.00926845            0            0            0            0            0            0            0            0            0            0            0            0            0            0
   -0.177524    -0.263255     0.744862    0.0442514   -0.0450271   -0.0321864            0            0            0            0            0            0            0            0            0            0            0            0            0            0            0            0            0            0            0            0            0            0            0            0            0            0            0            0            0
    0.216548     0.247157    -0.107302     0.339756    -0.662977     0.115057            0            0            0            0            0            0            0            0            0            0            0            0            0     0.741163    -0.774181    -0.878616     -1.03166            0            0            0            0            0            0            0            0            0            0            0            0
    -0.17574     0.584247    -0.405557    -0.159311     0.565644    -0.344793            0            0            0            0            0            0            0            0            0            0            0            0            0    -0.624699   -0.0154107     0.941227            0            0            0            0            0            0            0            0            0            0            0            0            0
   -0.698134    -0.150937   -0.0594843    -0.496707    0.0955545     0.829165            0            0            0            0            0            0            0            0            0            0            0            0            0    -0.133067     -1.10385      0.59106    -0.440367            0            0            0            0            0            0            0            0            0            0            0            0
    0.441655    -0.801237     0.224354    0.0813288    -0.153462    0.0215622            0            0            0            0            0            0            0            0            0            0            0            0            0     0.183229    0.0045201            0            0            0            0            0            0            0            0            0            0            0            0            0            0
   0.0232844     0.656729     -0.36163     0.177746    -0.188141    -0.120974            0            0            0            0            0            0            0            0            0            0            0            0            0     0.243645  -0.00926845            0            0            0            0            0            0            0            0            0            0            0            0            0            0
   -0.511064     0.221727     0.746794  -0.00137879     0.048969   -0.0532969            0            0            0            0            0            0            0            0            0            0            0            0            0    -0.123262  -0.00304075            0            0            0            0            0            0            0            0            0            0            0            0            0            0
    0.505399     0.288541   -0.0694682     0.525743    -0.635919    -0.267149            0            0            0            0            0            0            0            0            0            0            0            0            0     0.722628    -0.200059     -1.05006    -0.726621    -0.726621            0            0            0            0            0            0            0            0            0            0            0
    -0.17574     0.584247    -0.405557    -0.159311     0.565644    -0.344793            0            0            0            0            0            0            0            0            0            0            0            0            0    -0.624699   -0.0154107     0.941227            0            0            0            0            0            0            0            0            0            0            0            0            0
   -0.528068   -0.0247448    -0.101125    -0.292825    -0.210421     0.793337            0            0            0            0            0            0            0            0            0            0            0            0            0     0.211752     -1.33335     0.136731    -0.854558    -0.854558            0            0            0            0            0            0            0            0            0            0            0
    0.670515    -0.972804    -0.023703     0.116161    -0.311034     0.135647            0            0            0            0            0            0            0            0            0            0            0            0            0     0.386687    0.0095392    -0.252678            0            0            0            0            0            0            0            0            0            0            0            0            0
   0.0882489     0.730876     -0.39382     0.279672    -0.387034   -0.0864571            0            0            0            0            0            0            0            0            0            0            0            0            0     0.465994    -0.241523    -0.263585    -0.309498            0            0            0            0            0            0            0            0            0            0            0            0
   -0.236656    -0.237464     0.822721    0.0564014    -0.100424   0.00810251            0            0            0            0            0            0            0            0            0            0            0            0            0    0.0551384   0.00136021    -0.126039            0            0            0            0            0            0            0            0            0            0            0            0            0
    0.505399     0.288541   -0.0694682     0.525743    -0.635919    -0.267149            0            0            0            0            0            0            0            0            0            0            0            0            0     0.722628    -0.200059     -1.05006    -0.726621    -0.726621            0            0            0            0            0            0            0            0            0            0            0
   0.0966076     0.525684    -0.308632 -0.000841109     0.597644    -0.680662            0            0            0            0            0            0            0            0            0            0            0            0            0    -0.650223     0.620694      0.76288     0.406497     0.406497     0.394754            0            0            0            0            0            0            0            0            0            0
   -0.548094     0.256149    -0.281867    -0.333356    0.0839763     0.533822            0            0            0            0            0            0            0            0            0            0            0            0            0    -0.110896     -1.18017     0.567995    -0.751685    -0.751685     0.797568            0            0            0            0            0            0            0            0            0            0
    0.670515    -0.972804    -0.023703     0.116161    -0.311034     0.135647            0            0            0            0            0            0            0            0            0            0            0            0            0     0.386687    0.0095392    -0.252678            0            0            0            0            0            0            0            0            0            0            0            0            0
    0.190198     0.755849    -0.737764     0.219176    -0.292672   -0.0799034            0            0            0            0            0            0            0            0            0            0            0            0            0     0.383668    -0.213095      -0.1719     -0.27224            0            0            0            0            0            0            0            0            0            0            0            0
   -0.166188     0.138786     0.536348     0.182647     -0.27244   -0.0339989            0            0            0            0            0            0            0            0            0            0            0            0            0     0.270165    -0.113691    -0.236248    -0.147222            0            0            0            0            0            0            0            0            0            0            0            0
    0.605886     0.393752     -0.11331     0.446249    0.0240426    -0.870381            0            0            0            0            0            0            0            0            0            0            0            0            0            0            0            0            0            0            0            0            0            0            0            0            0            0            0            0            0
   -0.385517     0.514723    -0.408259    -0.262032     0.387741    0.0523291     -0.43718            0            0            0            0            0            0            0            0            0            0            0            0            0            0            0            0            0            0            0            0            0            0            0            0            0            0            0            0
     0.22237    0.0723364   0.00371889     0.346025     -0.78594     0.243586     0.875302            0            0            0            0            0            0            0            0            0            0            0            0            0            0            0            0            0            0            0            0            0            0            0            0            0            0            0            0
    0.464235    0.0332052    -0.872159     0.029735   -0.0686115    0.0221572            0            0            0            0            0            0            0            0            0            0            0            0            0            0            0            0            0            0            0            0            0            0            0            0            0            0            0            0            0
   -0.265167     0.385704    0.0529154   -0.0023088 -0.000124391   0.00450317            0            0            0            0            0            0            0            0            0            0            0            0            0            0            0            0            0            0            0            0            0            0            0            0            0            0            0            0            0
    0.291585    -0.821319     0.253767    -0.040096  -0.00216026    0.0782047            0            0            0            0            0            0            0            0            0            0            0            0            0            0            0            0            0            0            0            0            0            0            0            0            0            0            0            0            0
    0.584954     0.386241     -0.11322      0.41545    0.0902942    -0.887835     -0.07388     0.504198            0            0            0            0            0            0            0            0            0            0            0            0            0            0            0            0            0            0            0            0            0            0            0            0            0            0            0
   -0.385517     0.514723    -0.408259    -0.262032     0.387741    0.0523291     -0.43718            0            0            0            0            0            0            0            0            0            0            0            0            0            0            0            0            0            0            0            0            0            0            0            0            0            0            0            0
    0.272716     0.105313  -0.00585836     0.382455    -0.781106     0.169252     0.872178    -0.772691            0            0            0            0            0            0            0            0            0            0            0            0            0            0            0            0            0            0            0            0            0            0            0            0            0            0            0
    0.437967      0.10241    -0.890466    0.0330132   -0.0681844    0.0154773            0            0            0            0            0            0            0            0            0            0            0            0            0            0            0            0            0            0            0            0            0            0            0            0            0            0            0            0            0
   -0.265167     0.385704    0.0529154   -0.0023088 -0.000124391   0.00450317            0            0            0            0            0            0            0            0            0            0            0            0            0            0            0            0            0            0            0            0            0            0            0            0            0            0            0            0            0
    0.329728    -0.815586     0.179247   -0.0374431  -0.00794372    0.0797958            0            0            0            0            0            0            0            0            0            0            0            0            0            0            0            0            0            0            0            0            0            0            0            0            0            0            0            0            0
   0.0396797     0.643517    -0.395172    0.0376281     0.365027    -0.487779    -0.394905     0.300855    -0.490777            0            0            0            0            0            0            0            0            0            0            0            0            0            0            0            0            0            0            0            0            0            0            0            0            0            0
   -0.699443  -0.00280914    -0.152754    -0.489739     0.158908      0.74368     -0.20158    -0.404601      1.95495            0            0            0            0            0            0            0            0            0            0            0            0            0            0            0            0            0            0            0            0            0            0            0            0            0            0
    0.272716     0.105313  -0.00585836     0.382455    -0.781106     0.169252     0.872178    -0.772691            0            0            0            0            0            0            0            0            0            0            0            0            0            0            0            0            0            0            0            0            0            0            0            0            0            0            0
    0.295801     0.371615    -0.434881     0.190969   -0.0969593    -0.250042    0.0712584     0.143026            0            0            0            0            0            0            0            0            0            0            0            0            0            0            0            0            0            0            0            0            0            0            0            0            0            0            0
   -0.495651     0.375452     0.606448    -0.014568     0.183678    -0.182163    -0.139599     0.106352            0            0            0            0            0            0            0            0            0            0            0            0            0            0            0            0            0            0            0            0            0            0            0            0            0            0            0
    0.329728    -0.815586     0.179247   -0.0374431  -0.00794372    0.0797958            0            0            0            0            0            0            0            0            0            0            0            0            0            0            0            0            0            0            0            0            0            0            0            0            0            0            0            0            0
    0.218915     0.534006    -0.286836     0.294113    -0.284521    -0.230761     0.326767    -0.324556    -0.351148     -0.75683            0            0            0            0            0            0            0            0            0            0            0            0            0            0            0            0            0            0            0            0            0            0            0            0            0
   -0.699443  -0.00280914    -0.152754    -0.489739     0.158908      0.74368     -0.20158    -0.404601      1.95495            0            0            0            0            0            0            0            0            0            0            0            0            0            0            0            0            0            0            0            0            0            0            0            0            0            0
    0.167406    -0.374222     0.271883     0.247357    -0.813891     0.461871     0.899927    -0.763039     0.342866     -1.99333            0            0            0            0            0            0            0            0            0            0            0            0            0            0            0            0            0            0            0            0            0            0            0            0            0
    0.441998    -0.303895    -0.185929     0.110479   -0.0749234    -0.123157    0.0509849     0.102335            0            0            0            0            0            0            0            0            0            0            0            0            0            0            0            0            0            0            0            0            0            0            0            0            0            0            0
   -0.495651     0.375452     0.606448    -0.014568     0.183678    -0.182163    -0.139599     0.106352            0            0            0            0            0            0            0            0            0            0            0            0            0            0            0            0            0            0            0            0            0            0            0            0            0            0            0
   0.0292665    -0.843164     0.432066    -0.160205    0.0620539     0.231777   -0.0497824   -0.0999209            0            0            0            0            0            0            0            0            0            0            0            0            0            0            0            0            0            0            0            0            0            0            0            0            0            0            0
    0.269543    0.0630619    0.0199617     0.379182    -0.803278     0.200746     0.896106     -0.79069    0.0320513     -2.00636     -2.00636            0            0            0            0            0            0            0            0            0            0            0            0            0            0            0            0            0            0            0            0            0            0            0            0
   -0.699443  -0.00280914    -0.152754    -0.489739     0.158908      0.74368     -0.20158    -0.404601      1.95495            0            0            0            0            0            0            0            0            0            0            0            0            0            0            0            0            0            0            0            0            0            0            0            0            0            0
  -0.0574053    -0.649021     0.394711   -0.0625248    -0.313236     0.475685     0.337103    -0.249751     0.489729    -0.721582    -0.721582            0            0            0            0            0            0            0            0            0            0            0            0            0            0            0            0            0            0            0            0            0            0            0            0
    0.446182    -0.837565      0.23707     0.045723   -0.0326007   -0.0491519    0.0346785    0.0696051    -0.381451            0            0            0            0            0            0            0            0            0            0            0            0            0            0            0            0            0            0            0            0            0            0            0            0            0            0
   -0.429976     0.535654     0.520397    0.0736659     0.098322    -0.251391   -0.0415688   0.00898556    -0.105344    -0.227049            0            0            0            0            0            0            0            0            0            0            0            0            0            0            0            0            0            0            0            0            0            0            0            0            0
   -0.476091    -0.318198     0.387437    -0.299716     0.133483     0.413765    -0.117042     -0.23492      0.44549            0            0            0            0            0            0            0            0            0            0            0            0            0            0            0            0            0            0            0            0            0            0            0            0            0            0
    0.269543    0.0630619    0.0199617     0.379182    -0.803278     0.200746     0.896106     -0.79069    0.0320513     -2.00636     -2.00636            0            0            0            0            0            0            0            0            0            0            0            0            0            0            0            0            0            0            0            0            0            0            0            0
   -0.646382     -0.30331    0.0475934    -0.462936  -0.00437693     0.879453   -0.0223723    -0.474275      1.95927    -0.334453    -0.334453      2.08104            0            0            0            0            0            0            0            0            0            0            0            0            0            0            0            0            0            0            0            0            0            0            0
    0.273324    -0.573793     0.420553      0.17159    -0.351211    0.0768079     0.392138   -0.0337715    -0.472171    -0.639392    -0.639392    -0.350283            0            0            0            0            0            0            0            0            0            0            0            0            0            0            0            0            0            0            0            0            0            0            0
    0.446182    -0.837565      0.23707     0.045723   -0.0326007   -0.0491519    0.0346785    0.0696051    -0.381451            0            0            0            0            0            0            0            0            0            0            0            0            0            0            0            0            0            0            0            0            0            0            0            0            0            0
   -0.601669     0.327157     0.640699   -0.0736431     0.148992   -0.0309774   -0.0910827    -0.100923     0.113139    -0.201188            0            0            0            0            0            0            0            0            0            0            0            0            0            0            0            0            0            0            0            0            0            0            0            0            0
   -0.222569     -0.53023     0.102103    -0.299722    0.0727064     0.483156   -0.0844432    -0.212327     0.443574     0.105237            0            0            0            0            0            0            0            0            0            0            0            0            0            0            0            0            0            0            0            0            0            0            0            0            0
