kinematic_jacobian
           0            0            0     0.559783    -0.785015     0.265319            0            0            0            0            0            0            0            0            0            0            0            0            0            0            0            0            0            0            0            0            0            0            0            0            0            0            0            0            0
           0            0            0     0.827041      0.54917    -0.120069            0            0            0            0            0            0            0            0            0            0            0            0            0            0            0            0            0            0            0            0            0            0            0            0            0            0            0            0            0
           0            0            0   -0.0514496     0.286642     0.956655            0            0            0            0            0            0            0            0            0            0            0            0            0            0            0            0            0            0            0            0            0            0            0            0            0            0            0            0            0
    0.559783    -0.785015     0.265319            0            0            0            0            0            0            0            0            0            0            0            0            0            0            0            0            0            0            0            0            0            0            0            0            0            0            0            0            0            0            0            0
    0.827041      0.54917    -0.120069            0            0            0            0            0            0            0            0            0            0            0            0            0            0            0            0            0            0            0            0            0            0            0            0            0            0            0            0            0            0            0            0
  -0.0514496     0.286642     0.956655            0            0            0            0            0            0            0            0            0            0            0            0            0            0            0            0            0            0            0            0            0            0            0            0            0            0            0            0            0            0            0            0
           0            0            0     0.436238    -0.492283     0.753229            0            0            0            0            0            0            0            0            0            0            0            0            0            0            0            0            0            0            0            0            0            0            0            0            0            0            0            0            0
           0            0            0     0.827041      0.54917    -0.120069            0            0            0            0            0            0            0            0            0            0            0            0            0            0            0            0            0            0            0            0            0            0            0            0            0            0            1            0            0
           0            0            0    -0.354543     0.675329     0.646707            0            0            0            0            0            0            0            0            0            0            0            0            0            0            0            0            0            0            0            0            0            0            0            0            0            0            0            0            0
    0.436238    -0.492283     0.753229            0            0            0            0            0            0            0            0            0            0            0            0            0            0            0            0            0            0            0            0            0            0            0            0            0            0            0            0            0            0            0            0
    0.827041      0.54917    -0.120069            0            0            0            0            0            0            0            0            0            0            0            0            0            0            0            0            0            0            0            0            0            0            0            0            0            0            0            0            0            0            0            0
   -0.354543     0.675329     0.646707            0            0            0            0            0            0            0            0            0            0            0            0            0            0            0            0            0            0            0            0            0            0            0            0            0            0            0            0            0            0            0            0
           0            0            0     0.436238    -0.492283     0.753229            0            0            0            0            0            0            0            0            0            0            0            0            0            0            0            0            0            0            0            0            0            0            0            0            0            0            0            1            0
           0            0            0     0.898986     0.202162    -0.388528            0            0            0            0            0            0            0            0            0            0            0            0            0            0            0            0            0            0            0            0            0            0            0            0            0            0      0.90117            0            0
           0            0            0    0.0389911     0.846633     0.530747            0            0            0            0            0            0            0            0            0            0            0            0            0            0            0            0            0            0            0            0            0            0            0            0            0            0     0.433467            0            0
    0.436238    -0.492283     0.753229            0            0            0            0            0            0            0            0            0            0            0            0            0            0            0            0            0            0            0            0            0            0            0            0            0            0            0            0            0            0            0            0
    0.898986     0.202162    -0.388528            0            0            0            0            0            0            0            0            0            0            0            0            0            0            0            0            0            0            0            0            0            0            0            0            0            0            0            0            0            0            0            0
   0.0389911     0.846633     0.530747            0            0            0            0            0            0            0            0            0            0            0            0            0            0            0            0            0            0            0            0            0            0            0            0            0            0            0            0            0            0            0            0
           0            0            0     0.686609    -0.408599     0.601345            0            0            0            0            0            0            0            0            0            0            0            0            0            0            0            0            0            0            0            0            0            0            0            0            0            0     0.271261     0.953621            0
           0            0            0     0.725981     0.340968    -0.597238            0            0            0            0            0            0            0            0            0            0            0            0            0            0            0            0            0            0            0            0            0            0            0            0            0            0     0.859374    -0.301009            0
           0            0            0    0.0389911     0.846633     0.530747            0            0            0            0            0            0            0            0            0            0            0            0            0            0            0            0            0            0            0            0            0            0            0            0            0            0     0.433467            0            1
    0.686609    -0.408599     0.601345     0.254093     0.119339    -0.209033            0            0            0            0            0            0            0            0            0            0            0            0            0            0            0            0            0            0            0            0            0            0            0            0            0            0     0.300781    -0.105353            0
    0.725981     0.340968    -0.597238    -0.240313      0.14301    -0.210471            0            0            0            0            0            0            0            0            0            0            0            0            0            0            0            0            0            0            0            0            0            0            0            0            0            0   -0.0949412    -0.333767            0
   0.0389911     0.846633     0.530747            0            0            0            0            0            0            0            0            0            0            0            0            0            0            0            0            0            0            0            0            0            0            0            0            0            0            0            0            0            0            0            0
           0            0            0     0.674951    -0.186718     0.713847            0            0            0            0            0            0            0            0            0            0            0            0            0            0            0            0            0            0            0            0            0            0            0            0            0            0     0.369961     0.924048     0.247107
           0            0            0     0.725981     0.340968    -0.597238            0            0            0            0            0            0            0            0            0            0            0            0            0            0            0            0            0            0            0            1            0            0            0            0            0            0     0.859374    -0.301009            0
           0            0            0    -0.131884     0.921345      0.36569            0            0            0            0            0            0            0            0            0            0            0            0            0            0            0            0            0            0            0            0            0            0            0            0            0            0     0.352993    -0.235647     0.968988
    0.674951    -0.186718     0.713847     0.273909   -0.0778446    -0.279346            0            0            0            0            0            0            0            0            0            0            0            0            0            0            0            0            0            0            0            0            0            0            0            0            0            0     0.217325   -0.0526002    -0.203487
    0.725981     0.340968    -0.597238    -0.240313      0.14301    -0.210471            0            0            0            0            0            0            0            0            0            0            0            0            0            0            0            0            0            0            0            0            0            0            0            0            0            0   -0.0949412    -0.333767            0
   -0.131884     0.921345      0.36569    0.0789513   -0.0687003     0.201562            0            0            0            0            0            0            0            0            0            0            0            0            0            0            0            0            0            0            0            0            0            0            0            0            0            0   0.00336658     0.220084    0.0518926
           0            0            0     0.674951    -0.186718     0.713847            0            0            0            0            0            0            0            0            0            0            0            0            0            0            0            0            0            0            0            0            1            0            0            0            0            0     0.369961     0.924048     0.247107
           0            0            0     0.736588     0.227353    -0.636984            0            0            0            0            0            0            0            0            0            0            0            0            0            0            0            0            0            0            0       0.9927            0            0            0            0            0            0     0.810525     -0.27039    -0.116872
           0            0            0    -0.043359     0.955744     0.290986            0            0            0            0            0            0            0            0            0            0            0            0            0            0            0            0            0            0            0     0.120613            0            0            0            0            0            0     0.454068    -0.270232     0.961914
    0.674951    -0.186718     0.713847     0.273909   -0.0778446    -0.279346            0            0            0            0            0            0            0            0            0            0            0            0            0            0            0            0            0            0            0            0            0            0            0            0            0            0     0.217325   -0.0526002    -0.203487
    0.736588     0.227353    -0.636984    -0.248081     0.150252    -0.233245            0            0            0            0            0            0            0            0            0            0            0            0            0            0            0            0            0            0            0            0            0            0            0            0            0            0   -0.0946541    -0.357876   -0.0062589
   -0.043359     0.955744     0.290986    0.0493902     -0.05095     0.174705            0            0            0            0            0            0            0            0            0            0            0            0            0            0            0            0            0            0            0            0            0            0            0            0            0            0   -0.0081091      0.17822    0.0515137
           0            0            0     0.268839    -0.269355     0.924756            0            0            0            0            0            0            0            0            0            0            0            0            0            0            0            0            0            0            0    -0.448968     0.891881            0            0            0            0            0   -0.0366151      0.94643     0.273248
           0            0            0     0.962209     0.118325    -0.245263            0            0            0            0            0            0            0            0            0            0            0            0            0            0            0            0            0            0            0      0.88537      0.45227            0            0            0            0            0     0.890214     0.176763   0.00752321
           0            0            0    -0.043359     0.955744     0.290986            0            0            0            0            0            0            0            0            0            0            0            0            0            0            0            0            0            0            0     0.120613            0            1            0            0            0            0     0.454068    -0.270232     0.961914
    0.268839    -0.269355     0.924756     0.103433    -0.168502   -0.0791493            0            0            0            0            0            0            0            0            0            0            0            0            0            0            0            0            0            0            0    -0.232852    -0.118947            0            0            0            0            0   0.00251056    0.0684545    -0.180635
    0.962209     0.118325    -0.245263   -0.0266734    0.0279594   -0.0911557            0            0            0            0            0            0            0            0            0            0            0            0            0            0            0            0            0            0            0    -0.118079     0.234565            0            0            0            0            0   0.00423944    -0.094061   -0.0257492
   -0.043359     0.955744     0.290986    0.0493902     -0.05095     0.174705            0            0            0            0            0            0            0            0            0            0            0            0            0            0            0            0            0            0            0            0            0            0            0            0            0            0   -0.0081091      0.17822    0.0515137
           0            0            0     0.204439    -0.908852     0.363584            0            0            0            0            0            0            0            0            0            0            0            0            0            0            0            0            0            0            0    -0.378616     0.567229    -0.771696            0            0            0            0    -0.373689     0.810458    -0.568522
           0            0            0     0.962209     0.118325    -0.245263            0            0            0            0            0            0            0            0            0            0            0            0            0            0            0            0            0            0            0      0.88537      0.45227            0            1            0            0            0     0.890214     0.176763   0.00752321
           0            0            0     0.179886     0.399985     0.898695            0            0            0            0            0            0            0            0            0            0            0            0            0            0            0            0            0            0            0    -0.269759     0.688261     0.635991            0            0            0            0     0.260527     0.558491     0.822634
    0.204439    -0.908852     0.363584    0.0276684   -0.0678478    -0.185157            0            0            0            0            0            0            0            0            0            0            0            0            0            0            0            0            0            0            0    -0.148092   -0.0756493            0            0            0            0            0   0.00785446   -0.0939955    -0.154635
    0.962209     0.118325    -0.245263   -0.0266734    0.0279594   -0.0911557            0            0            0            0            0            0            0            0            0            0            0            0            0            0            0            0            0            0            0    -0.118079     0.234565            0            0            0            0            0   0.00423944    -0.094061   -0.0257492
    0.179886     0.399985     0.898695     0.111231    -0.162436    0.0500315            0            0            0            0            0            0            0            0            0            0            0            0            0            0            0            0            0            0            0    -0.179691    -0.091791            0            0            0            0            0  -0.00321992     0.166173    -0.106633
           0            0            0     0.825352    -0.558434     0.083338            0            0            0            0            0            0            0            0            0            0            0            0            0            0            0            0            0            0            0     0.359009     0.720832    -0.545256     0.707645            0            0            0     0.365918      0.69773    -0.396376
           0            0            0     0.535196     0.726749    -0.430583            0            0            0            0            0            0            0            0            0            0            0            0            0            0            0            0            0            0            0       0.8935   -0.0818363     0.546087     0.706569            0            0            0     0.893437    -0.448621     0.407627
           0            0            0     0.179886     0.399985     0.898695            0            0            0            0            0            0            0            0            0            0            0            0            0            0            0            0            0            0            0    -0.269759     0.688261     0.635991            0            1            0            0     0.260527     0.558491     0.822634
    0.825352    -0.558434     0.083338    -0.131519    -0.207661   -0.0889781            0            0            0            0            0            0            0            0            0            0            0            0            0            0            0            0            0            0            0    -0.408889     0.132751    -0.134883    -0.174522            0            0            0    -0.212129   -0.0221666    -0.228165
    0.535196     0.726749    -0.430583     0.165436   -0.0701658    0.0872022            0            0            0            0            0            0            0            0            0            0            0            0            0            0            0            0            0            0            0     0.110041     0.397314    -0.134678     0.174788            0            0            0    0.0878191     0.172394   -0.0066719
    0.179886     0.399985     0.898695     0.111231    -0.162436    0.0500315            0            0            0            0            0            0            0            0            0            0            0            0            0            0            0            0            0            0            0    -0.179691    -0.091791            0            0            0            0            0  -0.00321992     0.166173    -0.106633
           0            0            0     0.549226    -0.686656    -0.476292            0            0            0            0            0            0            0            0            0            0            0            0            0            0            0            0            0            0            0     0.449059     0.158912    -0.818676     0.564038    -0.603895            0            0     0.134329     0.218865    -0.812721
           0            0            0     0.535196     0.726749    -0.430583            0            0            0            0            0            0            0            0            0            0            0            0            0            0            0            0            0            0            0       0.8935   -0.0818363     0.546087     0.706569            0            1            0     0.893437    -0.448621     0.407627
           0            0            0     0.641807   -0.0184224     0.766645            0            0            0            0            0            0            0            0            0            0            0            0            0            0            0            0            0            0            0   0.00178889     0.983895     0.177648     0.427343     0.797064            0            0     0.428633     0.866509     0.416322
    0.549226    -0.686656    -0.476292    -0.172001   -0.0674245    -0.101135            0            0            0            0            0            0            0            0            0            0            0            0            0            0            0            0            0            0            0    -0.217396     0.161243    -0.107511    -0.139106            0            0            0    -0.167136    -0.118019    -0.117467
    0.535196     0.726749    -0.430583     0.165436   -0.0701658    0.0872022            0            0            0            0            0            0            0            0            0            0            0            0            0            0            0            0            0            0            0     0.110041     0.397314    -0.134678     0.174788            0            0            0    0.0878191     0.172394   -0.0066719
    0.641807   -0.0184224     0.766645   0.00923418    -0.254877   -0.0138552            0            0            0            0            0            0            0            0            0            0            0            0            0            0            0            0            0            0            0    -0.390152   0.00700419   -0.0814554    -0.105393            0            0            0     -0.13067     0.119064    -0.222781
           0            0            0     0.549226    -0.686656    -0.476292            0            0            0            0            0            0            0            0            0            0            0            0            0            0            0            0            0            0            0     0.449059     0.158912    -0.818676     0.564038    -0.603895            0            1     0.134329     0.218865    -0.812721
           0            0            0     0.104746      0.62202    -0.775963            0            0            0            0            0            0            0            0            0            0            0            0            0            0            0            0            0            0            0     0.751567    -0.599363     0.364156     0.364702    -0.429714     0.842228            0     0.521393    -0.844994     0.118867
           0            0            0     0.829083      0.37629     0.413554            0            0            0            0            0            0            0            0            0            0            0            0            0            0            0            0            0            0            0     0.483211     0.784545     0.444027     0.740846      0.67131     0.539121            0     0.842678     0.487937     0.570398
    0.549226    -0.686656    -0.476292    -0.172001   -0.0674245    -0.101135            0            0            0            0            0            0            0            0            0            0            0            0            0            0            0            0            0            0            0    -0.217396     0.161243    -0.107511    -0.139106            0            0            0    -0.167136    -0.118019    -0.117467
    0.104746      0.62202    -0.775963     0.134357     0.078314    0.0809138            0            0            0            0            0            0            0            0            0            0            0            0            0            0            0            0            0            0            0     0.303019     0.330853   -0.0695156     0.204031            0            0            0     0.144411    0.0810054     0.114487
    0.829083      0.37629     0.413554    0.0969673    -0.252493    0.0353433            0            0            0            0            0            0            0            0            0            0            0            0            0            0            0            0            0            0            0    -0.269271       0.2201    -0.141212   0.00546679            0            0            0   -0.0627091      0.19322    -0.191229
           0            0            0     0.438204     0.439961     0.783844            0            0            0            0            0            0            0            0            0            0            0            0            0            0            0            0            0            0            0            0            0            0            0            0            0            0     0.509911      0.56499     0.805594
           0            0            0     0.725981     0.340968    -0.597238            0            0            0            0            0            0            1            0            0            0            0            0            0            0            0            0            0            0            0            0            0            0            0            0            0            0     0.859374    -0.301009            0
           0            0            0    -0.530027     0.830767     -0.16999            0            0            0            0            0            0            0            0            0            0            0            0            0            0            0            0            0            0            0            0            0            0            0            0            0            0    0.0382889    -0.768232     0.592467
    0.438204     0.439961     0.783844    0.0392363     0.245166    -0.159543            0            0            0            0            0            0            0            0            0            0            0            0            0            0            0            0            0            0            0            0            0            0            0            0            0            0     0.186244    -0.223747     0.124418
    0.725981     0.340968    -0.597238    -0.240313      0.14301    -0.210471            0            0            0            0            0            0            0            0            0            0            0            0            0            0            0            0            0            0            0            0            0            0            0            0            0            0   -0.0949412    -0.333767            0
   -0.530027     0.830767     -0.16999    -0.296719    -0.188531   0.00378877            0            0            0            0            0            0            0            0            0            0            0            0            0            0            0            0            0            0            0            0            0            0            0            0            0            0    -0.349389   -0.0337758    -0.169175
           0            0            0     0.438204     0.439961     0.783844            0            0            0            0            0            0            0            1            0            0            0            0            0            0            0            0            0            0            0            0            0            0            0            0            0            0     0.509911      0.56499     0.805594
           0            0            0   0.00268534     0.871382    -0.490597            0            0            0            0            0            0     0.592066            0            0            0            0            0            0            0            0            0            0            0            0            0            0            0            0            0            0            0     0.539663    -0.797327     0.477463
           0            0            0    -0.898871     0.217087     0.380662            0            0            0            0            0            0    -0.805889            0            0            0            0            0            0            0            0            0            0            0            0            0            0            0            0            0            0            0    -0.669891    -0.212264      0.35078
    0.438204     0.439961     0.783844    0.0392363     0.245166    -0.159543            0            0            0            0            0            0            0            0            0            0            0            0            0            0            0            0            0            0            0            0            0            0            0            0            0            0     0.186244    -0.223747     0.124418
  0.00268534     0.871382    -0.490597    -0.381404   -0.0672637    -0.121559            0            0            0            0            0            0            0            0            0            0            0            0            0            0            0            0            0            0            0            0            0            0            0            0            0            0     -0.33778    -0.224832    -0.136336
   -0.898871     0.217087     0.380662    0.0179885    -0.226872     0.171859            0            0            0            0            0            0            0            0            0            0            0            0            0            0            0            0            0            0            0            0            0            0            0            0            0            0    -0.130349     0.248982    -0.100163
           0            0            0     0.380911     0.816531     0.433802            0            0            0            0            0            0     0.295862     0.866192            0            0            0            0            0            0            0            0            0            0            0            0            0            0            0            0            0            0     0.711357    0.0909564     0.936393
           0            0            0     -0.21665     0.534931    -0.816647            0            0            0            0            0            0     0.512843    -0.499711            0            0            0            0            0            0            0            0            0            0            0            0            0            0            0            0            0            0     0.212644     -0.97297    0.0110106
           0            0            0    -0.898871     0.217087     0.380662            0            0            0            0            0            0    -0.805889            0            1            0            0            0            0            0            0            0            0            0            0            0            0            0            0            0            0            0    -0.669891    -0.212264      0.35078
    0.380911     0.816531     0.433802   -0.0996268    0.0380612    0.0158385            0            0            0            0            0            0    -0.134878     0.131424            0            0            0            0            0            0            0            0            0            0            0            0            0            0            0            0            0            0    -0.063395   -0.0502678    0.0367456
    -0.21665     0.534931    -0.816647    -0.249796    0.0339723    0.0885219            0            0            0            0            0            0    0.0778117     0.227809            0            0            0            0            0            0            0            0            0            0            0            0            0            0            0            0            0            0    -0.198564   -0.0590173    0.0660049
   -0.898871     0.217087     0.380662    0.0179885    -0.226872     0.171859            0            0            0            0            0            0            0            0            0            0            0            0            0            0            0            0            0            0            0            0            0            0            0            0            0            0    -0.130349     0.248982    -0.100163
           0            0            0     0.273498     0.836274     0.475231            0            0            0            0            0            0     0.199871     0.860283     0.116607            0            0            0            0            0            0            0            0            0            0            0            0            0            0            0            0            0      0.62839    0.0655844     0.970909
           0            0            0     -0.21665     0.534931    -0.816647            0            0            0            0            0            0     0.512843    -0.499711            0            1            0            0            0            0            0            0            0            0            0            0            0            0            0            0            0            0     0.212644     -0.97297    0.0110106
           0            0            0    -0.937156     0.120393     0.327481            0            0            0            0            0            0    -0.834891    -0.101004     0.993178            0            0            0            0            0            0            0            0            0            0            0            0            0            0            0            0            0     -0.74827    -0.221422     0.239197
    0.273498     0.836274     0.475231   -0.0968495    0.0113466    0.0357705            0            0            0            0            0            0    -0.133958     0.130527            0            0            0            0            0            0            0            0            0            0            0            0            0            0            0            0            0            0   -0.0781622   -0.0208918    0.0248152
    -0.21665     0.534931    -0.816647    -0.249796    0.0339723    0.0885219            0            0            0            0            0            0    0.0778117     0.227809            0            0            0            0            0            0            0            0            0            0            0            0            0            0            0            0            0            0    -0.198564   -0.0590173    0.0660049
   -0.937156     0.120393     0.327481    0.0294829    -0.229763      0.16884            0            0            0            0            0            0    0.0157277    -0.015325            0            0            0            0            0            0            0            0            0            0            0            0            0            0            0            0            0            0    -0.122068     0.253145    -0.103764
           0            0            0    0.0564615     0.978541    -0.198166            0            0            0            0            0            0     0.492994      0.29993    0.0862421     0.673052            0            0            0            0            0            0            0            0            0            0            0            0            0            0            0            0     0.607875    -0.606353      0.72549
           0            0            0    -0.344311    -0.167223    -0.923843            0            0            0            0            0            0     0.244773    -0.948599   -0.0784826     0.739596            0            0            0            0            0            0            0            0            0            0            0            0            0            0            0            0    -0.265668    -0.763746    -0.645328
           0            0            0    -0.937156     0.120393     0.327481            0            0            0            0            0            0    -0.834891    -0.101004     0.993178            0            1            0            0            0            0            0            0            0            0            0            0            0            0            0            0            0     -0.74827    -0.221422     0.239197
   0.0564615     0.978541    -0.198166     -0.15471    0.0725611     0.314225            0            0            0            0            0            0    -0.107162     0.484168    0.0193852     -0.18268            0            0            0            0            0            0            0            0            0            0            0            0            0            0            0            0    -0.125832     0.133472     0.222174
   -0.344311    -0.167223    -0.923843    -0.105618     0.259188  -0.00755209            0            0            0            0            0            0     0.269479     0.154717    0.0213018     0.166244            0            0            0            0            0            0            0            0            0            0            0            0            0            0            0            0    0.0558953    -0.179357     0.211311
   -0.937156     0.120393     0.327481    0.0294829    -0.229763      0.16884            0            0            0            0            0            0    0.0157277    -0.015325            0            0            0            0            0            0            0            0            0            0            0            0            0            0            0            0            0            0    -0.122068     0.253145    -0.103764
           0            0            0   -0.0356856      0.98563    -0.165107            0            0            0            0            0            0     0.408769     0.288584     0.183194     0.669809    0.0980361            0            0            0            0            0            0            0            0            0            0            0            0            0            0            0     0.531589     -0.62514     0.745446
           0            0            0    -0.344311    -0.167223    -0.923843            0            0            0            0            0            0     0.244773    -0.948599   -0.0784826     0.739596            0            1            0            0            0            0            0            0            0            0            0            0            0            0            0            0    -0.265668    -0.763746    -0.645328
           0            0            0    -0.938177    0.0238803     0.345331            0            0            0            0            0            0    -0.879201    -0.129922     0.979939   -0.0659833     0.995183            0            0            0            0            0            0            0            0            0            0            0            0            0            0            0     -0.80426    -0.160911      0.16692
  -0.0356856      0.98563    -0.165107    -0.151075    0.0496865     0.329263            0            0            0            0            0            0    -0.105104     0.480334    0.0192918      -0.1818            0            0            0            0            0            0            0            0            0            0            0            0            0            0            0            0    -0.137193     0.157647     0.210931
   -0.344311    -0.167223    -0.923843    -0.105618     0.259188  -0.00755209            0            0            0            0            0            0     0.269479     0.154717    0.0213018     0.166244            0            0            0            0            0            0            0            0            0            0            0            0            0            0            0            0    0.0558953    -0.179357     0.211311
   -0.938177    0.0238803     0.345331    0.0445081     -0.23577     0.137221            0            0            0            0            0            0    0.0261577   -0.0627171  -0.00190045    0.0179092            0            0            0            0            0            0            0            0            0            0            0            0            0            0            0            0    -0.109144     0.238841    -0.125045
           0            0            0   -0.0356856      0.98563    -0.165107            0            0            0            0            0            0     0.408769     0.288584     0.183194     0.669809    0.0980361            0            1            0            0            0            0            0            0            0            0            0            0            0            0            0     0.531589     -0.62514     0.745446
           0            0            0     0.181064    -0.156101    -0.971004            0            0            0            0            0            0     0.658143    -0.750451    -0.566265     0.670236    -0.506464     0.860817            0            0            0            0            0            0            0            0            0            0            0            0            0            0     0.180608    -0.575556    -0.640458
           0            0            0    -0.982824   -0.0645457    -0.172891            0            0            0            0            0            0    -0.632262    -0.594595     0.803607     0.319592      0.85667     0.508915            0            0            0            0            0            0            0            0            0            0            0            0            0            0    -0.827523    -0.527197    -0.184729
  -0.0356856      0.98563    -0.165107    -0.151075    0.0496865     0.329263            0            0            0            0            0            0    -0.105104     0.480334    0.0192918      -0.1818            0            0            0            0            0            0            0            0            0            0            0            0            0            0            0            0    -0.137193     0.157647     0.210931
    0.181064    -0.156101    -0.971004    -0.113568     0.343101   -0.0763349            0            0            0            0            0            0      0.21866     0.165101    0.0193041     0.133991            0            0            0            0            0            0            0            0            0            0            0            0            0            0            0            0      0.10366    -0.275943     0.245538
   -0.982824   -0.0645457    -0.172891    -0.015437   -0.0710497     0.114279            0            0            0            0            0            0     0.159659    0.0247501   0.00920487     0.100021            0            0            0            0            0            0            0            0            0            0            0            0            0            0            0            0   -0.0655067     0.114321 -0.000101725
           0            0            0     0.559783    -0.785015     0.265319            0            0            0            0            0            0            0            0            0            0            0            0            0            1            0            0            0            0            0            0            0            0            0            0            0            0            0            0            0
           0            0            0      0.70461     0.282434    -0.650966            0            0            0            0            0            0            0            0            0            0            0            0            0            0            0            0            0            0            0            0            0            0            0            0            0            0            0            0            0
           0            0            0     0.436083     0.551346     0.711231            0            0            0            0            0            0            0            0            0            0            0            0            0            0            0            0            0            0            0            0            0            0            0            0            0            0            0            0            0
    0.559783    -0.785015     0.265319   0.00463046   -0.0257978    -0.086099            0            0            0            0            0            0            0            0            0            0            0            0            0            0            0            0            0            0            0            0            0            0            0            0            0            0            0            0            0
     0.70461     0.282434    -0.650966   -0.0291221    0.0408396    -0.013803            0            0            0            0            0            0            0            0            0            0            0            0            0            0            0            0            0            0            0            0            0            0            0            0            0            0            0            0            0
    0.436083     0.551346     0.711231    0.0411107   -0.0576519    0.0194852            0            0            0            0            0            0            0            0            0            0            0            0            0            0            0            0            0            0            0            0            0            0            0            0            0            0            0            0            0
           0            0            0     0.707355     -0.20673     0.675952            0            0            0            0            0            0            0            0            0            0            0            0            0     0.737595            0            0            0            0            0            0            0            0            0            0            0            0            0            0            0
           0            0            0      0.70461     0.282434    -0.650966            0            0            0            0            0            0            0            0            0            0            0            0            0            0            1            0            0            0            0            0            0            0            0            0            0            0            0            0            0
           0            0            0   -0.0563374     0.936746     0.345445            0            0            0            0            0            0            0            0            0            0            0            0            0    -0.675244            0            0            0            0            0            0            0            0            0            0            0            0            0            0            0
    0.707355     -0.20673     0.675952    0.0311752   -0.0579574   -0.0503489            0            0            0            0            0            0            0            0            0            0            0            0            0            0            0            0            0            0            0            0            0            0            0            0            0            0            0            0            0
     0.70461     0.282434    -0.650966   -0.0291221    0.0408396    -0.013803            0            0            0            0            0            0            0            0            0            0            0            0            0            0            0            0            0            0            0            0            0            0            0            0            0            0            0            0            0
  -0.0563374     0.936746     0.345445    0.0271964   -0.0251039    0.0725099            0            0            0            0            0            0            0            0            0            0            0            0            0            0            0            0            0            0            0            0            0            0            0            0            0            0            0            0            0
           0            0            0     0.252778    -0.321339     0.912603            0            0            0            0            0            0            0            0            0            0            0            0            0     0.635888    -0.506721            0            0            0            0            0            0            0            0            0            0            0            0            0            0
           0            0            0     0.965883     0.138734    -0.218685            0            0            0            0            0            0            0            0            0            0            0            0            0     0.373755      0.86211            0            0            0            0            0            0            0            0            0            0            0            0            0            0
           0            0            0   -0.0563374     0.936746     0.345445            0            0            0            0            0            0            0            0            0            0            0            0            0    -0.675244            0            1            0            0            0            0            0            0            0            0            0            0            0            0            0
    0.252778    -0.321339     0.912603    -0.299806    -0.119703    0.0408931            0            0            0            0            0            0            0            0            0            0            0            0            0    -0.132122    -0.304756            0            0            0            0            0            0            0            0            0            0            0            0            0            0
    0.965883     0.138734    -0.218685    0.0800475    -0.107753     0.285193            0            0            0            0            0            0            0            0            0            0            0            0            0     0.224786    -0.179126            0            0            0            0            0            0            0            0            0            0            0            0            0            0
  -0.0563374     0.936746     0.345445    0.0271964   -0.0251039    0.0725099            0            0            0            0            0            0            0            0            0            0            0            0            0            0            0            0            0            0            0            0            0            0            0            0            0            0            0            0            0
           0            0            0      0.17829     0.256241     0.950028            0            0            0            0            0            0            0            0            0            0            0            0            0     0.150711    -0.420439     0.558171            0            0            0            0            0            0            0            0            0            0            0            0            0
           0            0            0     0.965883     0.138734    -0.218685            0            0            0            0            0            0            0            0            0            0            0            0            0     0.373755      0.86211            0            1            0            0            0            0            0            0            0            0            0            0            0            0
           0            0            0    -0.187838     0.956605    -0.222764            0            0            0            0            0            0            0            0            0            0            0            0            0    -0.915201     0.282837     0.829726            0            0            0            0            0            0            0            0            0            0            0            0            0
     0.17829     0.256241     0.950028    -0.233577    -0.113333    0.0744031            0            0            0            0            0            0            0            0            0            0            0            0            0    -0.109625    -0.252864            0            0            0            0            0            0            0            0            0            0            0            0            0            0
    0.965883     0.138734    -0.218685    0.0800475    -0.107753     0.285193            0            0            0            0            0            0            0            0            0            0            0            0            0     0.224786    -0.179126            0            0            0            0            0            0            0            0            0            0            0            0            0            0
   -0.187838     0.956605    -0.222764     0.189909    0.0459851     0.037338            0            0            0            0            0            0            0            0            0            0            0            0            0    0.0737468     0.170106            0            0            0            0            0            0            0            0            0            0            0            0            0            0
           0            0            0     0.243387    -0.197694     0.949568            0            0            0            0            0            0            0            0            0            0            0            0            0     0.543376    -0.502479     0.129122            0            0            0            0            0            0            0            0            0            0            0            0            0
           0            0            0     0.965883     0.138734    -0.218685            0            0            0            0            0            0            0            0            0            0            0            0            0     0.373755      0.86211            0            1            1            0            0            0            0            0            0            0            0            0            0            0
           0            0            0   -0.0885051     0.970397     0.224716            0            0            0            0            0            0            0            0            0            0            0            0            0    -0.751698    0.0654291     0.991629            0            0            0            0            0            0            0            0            0            0            0            0            0
    0.243387    -0.197694     0.949568    -0.553082    -0.159186     0.108621            0            0            0            0            0            0            0            0            0            0            0            0            0    -0.231353    -0.533643            0    -0.268456            0            0            0            0            0            0            0            0            0            0            0            0
    0.965883     0.138734    -0.218685     0.133535   -0.0308809     0.570201            0            0            0            0            0            0            0            0            0            0            0            0            0         0.27    -0.305258     0.167451            0            0            0            0            0            0            0            0            0            0            0            0            0
  -0.0885051     0.970397     0.224716   -0.0636596   -0.0280152    0.0959066            0            0            0            0            0            0            0            0            0            0            0            0            0    -0.032989   -0.0760932            0    -0.133909            0            0            0            0            0            0            0            0            0            0            0            0
           0            0            0     0.243387    -0.197694     0.949568            0            0            0            0            0            0            0            0            0            0            0            0            0     0.543376    -0.502479     0.129122            0            0            1            0            0            0            0            0            0            0            0            0            0
           0            0            0     0.891708    -0.339566    -0.299252            0            0            0            0            0            0            0            0            0            0            0            0            0      0.68633     0.727204    -0.471699     0.879618     0.879618            0            0            0            0            0            0            0            0            0            0            0
           0            0            0     0.381601     0.919572    0.0936394            0            0            0            0            0            0            0            0            0            0            0            0            0    -0.483419     0.467642     0.872254     0.475681     0.475681            0            0            0            0            0            0            0            0            0            0            0
    0.243387    -0.197694     0.949568    -0.553082    -0.159186     0.108621            0            0            0            0            0            0            0            0            0            0            0            0            0    -0.231353    -0.533643            0    -0.268456            0            0            0            0            0            0            0            0            0            0            0            0
    0.891708    -0.339566    -0.299252     0.147741   -0.0138371     0.455938            0            0            0            0            0            0            0            0            0            0            0            0            0     0.253189    -0.232314     0.147293    0.0636978            0            0            0            0            0            0            0            0            0            0            0            0
    0.381601     0.919572    0.0936394   0.00752369   -0.0393322     0.355595            0            0            0            0            0            0            0            0            0            0            0            0            0     0.099416    -0.212138    0.0796534    -0.117788            0            0            0            0            0            0            0            0            0            0            0            0
           0            0            0     0.559783    -0.785015     0.265319            1            0            0            0            0            0            0            0            0            0            0            0            0            0            0            0            0            0            0            0            0            0            0            0            0            0            0            0            0
           0            0            0     0.822715      0.56474   -0.0648753            0            0            0            0            0            0            0            0            0            0            0            0            0            0            0            0            0            0            0            0            0            0            0            0            0            0            0            0            0
           0            0            0   -0.0989082     0.254598     0.961976            0            0            0            0            0            0            0            0            0            0            0            0            0            0            0            0            0            0            0            0            0            0            0            0            0            0            0            0            0
    0.559783    -0.785015     0.265319  -0.00463046    0.0257978     0.086099            0            0            0            0            0            0            0            0            0            0            0            0            0            0            0            0            0            0            0            0            0            0            0            0            0            0            0            0            0
    0.822715      0.56474   -0.0648753   -0.0028962   0.00406151  -0.00137271            0            0            0            0            0            0            0            0            0            0            0            0            0            0            0            0            0            0            0            0            0            0            0            0            0            0            0            0            0
  -0.0989082     0.254598     0.961976   -0.0502971    0.0705345   -0.0238392            0            0            0            0            0            0            0            0            0            0            0            0            0            0            0            0            0            0            0            0            0            0            0            0            0            0            0            0            0
           0            0            0     0.566134    -0.803703     0.183177     0.996432            0            0            0            0            0            0            0            0            0            0            0            0            0            0            0            0            0            0            0            0            0            0            0            0            0            0            0            0
           0            0            0     0.822715      0.56474   -0.0648753            0            1            0            0            0            0            0            0            0            0            0            0            0            0            0            0            0            0            0            0            0            0            0            0            0            0            0            0            0
           0            0            0   -0.0513067      0.18743     0.980937    0.0844052            0            0            0            0            0            0            0            0            0            0            0            0            0            0            0            0            0            0            0            0            0            0            0            0            0            0            0            0
    0.566134    -0.803703     0.183177 -0.000368598    0.0197523    0.0878039            0            0            0            0            0            0            0            0            0            0            0            0            0            0            0            0            0            0            0            0            0            0            0            0            0            0            0            0            0
    0.822715      0.56474   -0.0648753   -0.0028962   0.00406151  -0.00137271            0            0            0            0            0            0            0            0            0            0            0            0            0            0            0            0            0            0            0            0            0            0            0            0            0            0            0            0            0
  -0.0513067      0.18743     0.980937   -0.0505085    0.0724603    -0.016487            0            0            0            0            0            0            0            0            0            0            0            0            0            0            0            0            0            0            0            0            0            0            0            0            0            0            0            0            0
           0            0            0     0.998012    -0.026387    0.0572416     0.594571     0.802464            0            0            0            0            0            0            0            0            0            0            0            0            0            0            0            0            0            0            0            0            0            0            0            0            0            0            0
           0            0            0    0.0366128     0.981923    -0.185704      -0.7996     0.596701            0            0            0            0            0            0            0            0            0            0            0            0            0            0            0            0            0            0            0            0            0            0            0            0            0            0            0
           0            0            0   -0.0513067      0.18743     0.980937    0.0844052            0            1            0            0            0            0            0            0            0            0            0            0            0            0            0            0            0            0            0            0            0            0            0            0            0            0            0            0
    0.998012    -0.026387    0.0572416   -0.0154867    -0.332065     0.116937     0.282659    -0.210934            0            0            0            0            0            0            0            0            0            0            0            0            0            0            0            0            0            0            0            0            0            0            0            0            0            0            0
   0.0366128     0.981923    -0.185704     0.351365   -0.0227548   -0.0510436     0.210181     0.283671            0            0            0            0            0            0            0            0            0            0            0            0            0            0            0            0            0            0            0            0            0            0            0            0            0            0            0
  -0.0513067      0.18743     0.980937   -0.0505085    0.0724603    -0.016487            0            0            0            0            0            0            0            0            0            0            0            0            0            0            0            0            0            0            0            0            0            0            0            0            0            0            0            0            0
           0            0            0     0.678228     0.112063     0.726257     0.484379     0.574158     0.698619            0            0            0            0            0            0            0            0            0            0            0            0            0            0            0            0            0            0            0            0            0            0            0            0            0            0
           0            0            0    0.0366128     0.981923    -0.185704      -0.7996     0.596701            0            1            0            0            0            0            0            0            0            0            0            0            0            0            0            0            0            0            0            0            0            0            0            0            0            0            0
           0            0            0    -0.733939      0.15254     0.661865    -0.354987    -0.560616     0.715494            0            0            0            0            0            0            0            0            0            0            0            0            0            0            0            0            0            0            0            0            0            0            0            0            0            0
    0.678228     0.112063     0.726257   -0.0463668    -0.186968    0.0721499     0.202241    -0.150922            0            0            0            0            0            0            0            0            0            0            0            0            0            0            0            0            0            0            0            0            0            0            0            0            0            0            0
   0.0366128     0.981923    -0.185704     0.351365   -0.0227548   -0.0510436     0.210181     0.283671            0            0            0            0            0            0            0            0            0            0            0            0            0            0            0            0            0            0            0            0            0            0            0            0            0            0            0
   -0.733939      0.15254     0.661865   -0.0253193     0.283831    -0.093491    -0.197471     0.147362            0            0            0            0            0            0            0            0            0            0            0            0            0            0            0            0            0            0            0            0            0            0            0            0            0            0            0
           0            0            0    -0.116374     0.188754     0.975105    0.0453952   -0.0524066     0.997865            0            0            0            0            0            0            0            0            0            0            0            0            0            0            0            0            0            0            0            0            0            0            0            0            0            0
           0            0            0    0.0366128     0.981923    -0.185704      -0.7996     0.596701            0            1            1            0            0            0            0            0            0            0            0            0            0            0            0            0            0            0            0            0            0            0            0            0            0            0            0
           0            0            0     -0.99253    0.0140902    -0.121182    -0.598814    -0.800751   -0.0653072            0            0            0            0            0            0            0            0            0            0            0            0            0            0            0            0            0            0            0            0            0            0            0            0            0            0
   -0.116374     0.188754     0.975105   -0.0565332   -0.0976012    0.0121459     0.137558    -0.102653            0     -0.19512            0            0            0            0            0            0            0            0            0            0            0            0            0            0            0            0            0            0            0            0            0            0            0            0            0
   0.0366128     0.981923    -0.185704     0.554833     0.010864     0.166833     0.355495     0.455918     0.209586            0            0            0            0            0            0            0            0            0            0            0            0            0            0            0            0            0            0            0            0            0            0            0            0            0            0
    -0.99253    0.0140902    -0.121182    0.0270954     0.550382    -0.157929    -0.464266     0.346458            0     0.227877            0            0            0            0            0            0            0            0            0            0            0            0            0            0            0            0            0            0            0            0            0            0            0            0            0
           0            0            0    -0.116374     0.188754     0.975105    0.0453952   -0.0524066     0.997865            0            0            1            0            0            0            0            0            0            0            0            0            0            0            0            0            0            0            0            0            0            0            0            0            0            0
           0            0            0    -0.427594     0.876611    -0.220719    -0.986074     0.157588   -0.0302698     0.886097     0.886097            0            0            0            0            0            0            0            0            0            0            0            0            0            0            0            0            0            0            0            0            0            0            0            0
           0            0            0    -0.896449    -0.442635   -0.0213051    -0.159994    -0.986113   -0.0578685    -0.463499    -0.463499            0            0            0            0            0            0            0            0            0            0            0            0            0            0            0            0            0            0            0            0            0            0            0            0
   -0.116374     0.188754     0.975105   -0.0565332   -0.0976012    0.0121459     0.137558    -0.102653            0     -0.19512            0            0            0            0            0            0            0            0            0            0            0            0            0            0            0            0            0            0            0            0            0            0            0            0            0
   -0.427594     0.876611    -0.220719     0.504195     0.264728    0.0746308    0.0998161     0.564571     0.185713     0.105621            0            0            0            0            0            0            0            0            0            0            0            0            0            0            0            0            0            0            0            0            0            0            0            0            0
   -0.896449    -0.442635   -0.0213051    -0.233155     0.482656    -0.217267    -0.576157    0.0956778   -0.0971427     0.201922            0            0            0            0            0            0            0            0            0            0            0            0            0            0            0            0            0            0            0            0            0            0            0            0            0
