           0            0            0            0            0            0            0            0            0            0            0            0            0            0            0            0            0            0            0            0            0            0    -0.962209    -0.179886    -0.535196    -0.549226            0            0            0
           0            0            0            0            0            0            0            0            0            0            0            0            0            0            0            0            0            0            0            0            0            0    -0.118325    -0.399985    -0.726749     0.686656            0            0            0
           0            0            0            0            0            0            0            0            0            0            0            0            0            0            0            0            0            0            0            0            0            0     0.245263    -0.898695     0.430583     0.476292            0            0            0
           0            0            0            0            0            0            0            0            0            0            0            0            0            0            0            0            0            0            0            0            0            0           -0 -7.42734e-18    -0.203862     0.105367            0            0            0
           0            0            0            0            0            0            0            0            0            0            0            0            0            0            0            0            0            0            0            0            0            0           -0 -1.00857e-17     0.137933     0.143078            0            0            0
           0            0            0            0            0            0            0            0            0            0            0            0            0            0            0            0            0            0            0            0            0            0            0  5.97554e-18   -0.0205845   -0.0847709            0            0            0
