           0            0            0            1  -2.2039e-17 -1.17534e-17            0            0            0            0            0            0            0            0            0            0            0            0            0            0            0            0            0            0            0            0            0            0            0            0            0            0            0            0            0
           0            0            0  -2.2039e-17            1   4.8518e-17            0            0            0            0            0            0            0            0            0            0            0            0            0            0            0            0            0            0            0            0            0            0            0            0            0            0            0            0            0
           0            0            0 -1.17534e-17   4.8518e-17            1            0            0            0            0            0            0            0            0            0            0            0            0            0            0            0            0            0            0            0            0            0            0            0            0            0            0            0            0            0
           1  -2.2039e-17 -1.17534e-17 -1.26013e-34  2.72121e-18 -3.01358e-17            0            0            0            0            0            0            0            0            0            0            0            0            0            0            0            0            0            0            0            0            0            0            0            0            0            0            0            0            0
 -2.2039e-17            1   4.8518e-17 -2.72121e-18  7.87675e-34  4.01633e-17            0            0            0            0            0            0            0            0            0            0            0            0            0            0            0            0            0            0            0            0            0            0            0            0            0            0            0            0            0
-1.17534e-17   4.8518e-17            1  3.01358e-17 -4.01633e-17 -5.97339e-34            0            0            0            0            0            0            0            0            0            0            0            0            0            0            0            0            0            0            0            0            0            0            0            0            0            0            0            0            0
           0            0            0            1  -2.2039e-17 -1.17534e-17            0            0            0            0            0            0            0            0            0            0            0            0            0            0            0            0            0            0            0            0            0            0            0            0            0            0     0.827041            0            0
           0            0            0  -2.2039e-17            1   4.8518e-17            0            0            0            0            0            0            0            0            0            0            0            0            0            0            0            0            0            0            0            0            0            0            0            0            0            0      0.54917            0            0
           0            0            0 -1.17534e-17   4.8518e-17            1            0            0            0            0            0            0            0            0            0            0            0            0            0            0            0            0            0            0            0            0            0            0            0            0            0            0    -0.120069            0            0
           1  -2.2039e-17 -1.17534e-17 -1.26013e-34  2.72121e-18 -3.01358e-17            0            0            0            0            0            0            0            0            0            0            0            0            0            0            0            0            0            0            0            0            0            0            0            0            0            0 -2.91998e-18            0            0
 -2.2039e-17            1   4.8518e-17 -2.72121e-18  7.87675e-34  4.01633e-17            0            0            0            0            0            0            0            0            0            0            0            0            0            0            0            0            0            0            0            0            0            0            0            0            0            0  3.14778e-18            0            0
-1.17534e-17   4.8518e-17            1  3.01358e-17 -4.01633e-17 -5.97339e-34            0            0            0            0            0            0            0            0            0            0            0            0            0            0            0            0            0            0            0            0            0            0            0            0            0            0 -5.71569e-18            0            0
           0            0            0            1  -2.2039e-17 -1.17534e-17            0            0            0            0            0            0            0            0            0            0            0            0            0            0            0            0            0            0            0            0            0            0            0            0            0            0     0.827041     0.436238            0
           0            0            0  -2.2039e-17            1   4.8518e-17            0            0            0            0            0            0            0            0            0            0            0            0            0            0            0            0            0            0            0            0            0            0            0            0            0            0      0.54917    -0.492283            0
           0            0            0 -1.17534e-17   4.8518e-17            1            0            0            0            0            0            0            0            0            0            0            0            0            0            0            0            0            0            0            0            0            0            0            0            0            0            0    -0.120069     0.753229            0
           1  -2.2039e-17 -1.17534e-17 -1.26013e-34  2.72121e-18 -3.01358e-17            0            0            0            0            0            0            0            0            0            0            0            0            0            0            0            0            0            0            0            0            0            0            0            0            0            0 -2.91998e-18 -2.45386e-17            0
 -2.2039e-17            1   4.8518e-17 -2.72121e-18  7.87675e-34  4.01633e-17            0            0            0            0            0            0            0            0            0            0            0            0            0            0            0            0            0            0            0            0            0            0            0            0            0            0  3.14778e-18 -1.60104e-17            0
-1.17534e-17   4.8518e-17            1  3.01358e-17 -4.01633e-17 -5.97339e-34            0            0            0            0            0            0            0            0            0            0            0            0            0            0            0            0            0            0            0            0            0            0            0            0            0            0 -5.71569e-18  3.74788e-18            0
           0            0            0            1  -2.2039e-17 -1.17534e-17            0            0            0            0            0            0            0            0            0            0            0            0            0            0            0            0            0            0            0            0            0            0            0            0            0            0     0.827041     0.436238    0.0389911
           0            0            0  -2.2039e-17            1   4.8518e-17            0            0            0            0            0            0            0            0            0            0            0            0            0            0            0            0            0            0            0            0            0            0            0            0            0            0      0.54917    -0.492283     0.846633
           0            0            0 -1.17534e-17   4.8518e-17            1            0            0            0            0            0            0            0            0            0            0            0            0            0            0            0            0            0            0            0            0            0            0            0            0            0            0    -0.120069     0.753229     0.530747
           1  -2.2039e-17 -1.17534e-17  1.08488e-17     0.185761    -0.296322            0            0            0            0            0            0            0            0            0            0            0            0            0            0            0            0            0            0            0            0            0            0            0            0            0            0     0.137593    -0.314645 -2.60007e-17
 -2.2039e-17            1   4.8518e-17    -0.185761  4.14369e-18    0.0136469            0            0            0            0            0            0            0            0            0            0            0            0            0            0            0            0            0            0            0            0            0            0            0            0            0            0    -0.155271   -0.0707568  5.93969e-18
-1.17534e-17   4.8518e-17            1     0.296322   -0.0136469  -1.6856e-18            0            0            0            0            0            0            0            0            0            0            0            0            0            0            0            0            0            0            0            0            0            0            0            0            0            0     0.237576     0.135985 -7.56471e-18
           0            0            0            1  -2.2039e-17 -1.17534e-17            0            0            0            0            0            0            0            0            0            0            0            0            0            0            0            0            0            0            0     0.725981            0            0            0            0            0            0     0.827041     0.436238    0.0389911
           0            0            0  -2.2039e-17            1   4.8518e-17            0            0            0            0            0            0            0            0            0            0            0            0            0            0            0            0            0            0            0     0.340968            0            0            0            0            0            0      0.54917    -0.492283     0.846633
           0            0            0 -1.17534e-17   4.8518e-17            1            0            0            0            0            0            0            0            0            0            0            0            0            0            0            0            0            0            0            0    -0.597238            0            0            0            0            0            0    -0.120069     0.753229     0.530747
           1  -2.2039e-17 -1.17534e-17 -1.88719e-18    0.0603414    -0.367925            0            0            0            0            0            0            0            0            0            0            0            0            0            0            0            0            0            0            0 -4.11499e-19            0            0            0            0            0            0     0.077314    -0.306837    -0.144188
 -2.2039e-17            1   4.8518e-17   -0.0603414  7.72494e-19     0.166103            0            0            0            0            0            0            0            0            0            0            0            0            0            0            0            0            0            0            0  7.96866e-18            0            0            0            0            0            0   -0.0698485    0.0987903    0.0858057
-1.17534e-17   4.8518e-17            1     0.367925    -0.166103  2.04643e-18            0            0            0            0            0            0            0            0            0            0            0            0            0            0            0            0            0            0            0  4.04918e-18            0            0            0            0            0            0      0.21307     0.242272    -0.126282
           0            0            0            1  -2.2039e-17 -1.17534e-17            0            0            0            0            0            0            0            0            0            0            0            0            0            0            0            0            0            0            0     0.725981     0.674951            0            0            0            0            0     0.827041     0.436238    0.0389911
           0            0            0  -2.2039e-17            1   4.8518e-17            0            0            0            0            0            0            0            0            0            0            0            0            0            0            0            0            0            0            0     0.340968    -0.186718            0            0            0            0            0      0.54917    -0.492283     0.846633
           0            0            0 -1.17534e-17   4.8518e-17            1            0            0            0            0            0            0            0            0            0            0            0            0            0            0            0            0            0            0            0    -0.597238     0.713847            0            0            0            0            0    -0.120069     0.753229     0.530747
           1  -2.2039e-17 -1.17534e-17 -1.88719e-18    0.0603414    -0.367925            0            0            0            0            0            0            0            0            0            0            0            0            0            0            0            0            0            0            0 -4.11499e-19 -7.24558e-19            0            0            0            0            0     0.077314    -0.306837    -0.144188
 -2.2039e-17            1   4.8518e-17   -0.0603414  7.72494e-19     0.166103            0            0            0            0            0            0            0            0            0            0            0            0            0            0            0            0            0            0            0  7.96866e-18  1.30287e-17            0            0            0            0            0   -0.0698485    0.0987903    0.0858057
-1.17534e-17   4.8518e-17            1     0.367925    -0.166103  2.04643e-18            0            0            0            0            0            0            0            0            0            0            0            0            0            0            0            0            0            0            0  4.04918e-18  4.09294e-18            0            0            0            0            0      0.21307     0.242272    -0.126282
           0            0            0            1  -2.2039e-17 -1.17534e-17            0            0            0            0            0            0            0            0            0            0            0            0            0            0            0            0            0            0            0     0.725981     0.674951    -0.043359            0            0            0            0     0.827041     0.436238    0.0389911
           0            0            0  -2.2039e-17            1   4.8518e-17            0            0            0            0            0            0            0            0            0            0            0            0            0            0            0            0            0            0            0     0.340968    -0.186718     0.955744            0            0            0            0      0.54917    -0.492283     0.846633
           0            0            0 -1.17534e-17   4.8518e-17            1            0            0            0            0            0            0            0            0            0            0            0            0            0            0            0            0            0            0            0    -0.597238     0.713847     0.290986            0            0            0            0    -0.120069     0.753229     0.530747
           1  -2.2039e-17 -1.17534e-17 -1.25784e-19    -0.016188    -0.116564            0            0            0            0            0            0            0            0            0            0            0            0            0            0            0            0            0            0            0    -0.176216     0.193723   4.7662e-18            0            0            0            0   0.00510576   -0.0798305   -0.0755713
 -2.2039e-17            1   4.8518e-17     0.016188 -1.60936e-18     0.177506            0            0            0            0            0            0            0            0            0            0            0            0            0            0            0            0            0            0            0    0.0487483    0.0597939 -5.28678e-19            0            0            0            0  -0.00792483     0.140765     0.094842
-1.17534e-17   4.8518e-17            1     0.116564    -0.177506  1.10453e-18            0            0            0            0            0            0            0            0            0            0            0            0            0            0            0            0            0            0            0    -0.186371    -0.167527  2.44664e-18            0            0            0            0  -0.00107775     0.138233    -0.145738
           0            0            0            1  -2.2039e-17 -1.17534e-17            0            0            0            0            0            0            0            0            0            0            0            0            0            0            0            0            0            0            0     0.725981     0.674951    -0.043359     0.962209            0            0            0     0.827041     0.436238    0.0389911
           0            0            0  -2.2039e-17            1   4.8518e-17            0            0            0            0            0            0            0            0            0            0            0            0            0            0            0            0            0            0            0     0.340968    -0.186718     0.955744     0.118325            0            0            0      0.54917    -0.492283     0.846633
           0            0            0 -1.17534e-17   4.8518e-17            1            0            0            0            0            0            0            0            0            0            0            0            0            0            0            0            0            0            0            0    -0.597238     0.713847     0.290986    -0.245263            0            0            0    -0.120069     0.753229     0.530747
           1  -2.2039e-17 -1.17534e-17 -1.25784e-19    -0.016188    -0.116564            0            0            0            0            0            0            0            0            0            0            0            0            0            0            0            0            0            0            0    -0.176216     0.193723   4.7662e-18 -1.90641e-18            0            0            0   0.00510576   -0.0798305   -0.0755713
 -2.2039e-17            1   4.8518e-17     0.016188 -1.60936e-18     0.177506            0            0            0            0            0            0            0            0            0            0            0            0            0            0            0            0            0            0            0    0.0487483    0.0597939 -5.28678e-19  1.98562e-17            0            0            0  -0.00792483     0.140765     0.094842
-1.17534e-17   4.8518e-17            1     0.116564    -0.177506  1.10453e-18            0            0            0            0            0            0            0            0            0            0            0            0            0            0            0            0            0            0            0    -0.186371    -0.167527  2.44664e-18  2.10029e-18            0            0            0  -0.00107775     0.138233    -0.145738
           0            0            0            1  -2.2039e-17 -1.17534e-17            0            0            0            0            0            0            0            0            0            0            0            0            0            0            0            0            0            0            0     0.725981     0.674951    -0.043359     0.962209     0.179886            0            0     0.827041     0.436238    0.0389911
           0            0            0  -2.2039e-17            1   4.8518e-17            0            0            0            0            0            0            0            0            0            0            0            0            0            0            0            0            0            0            0     0.340968    -0.186718     0.955744     0.118325     0.399985            0            0      0.54917    -0.492283     0.846633
           0            0            0 -1.17534e-17   4.8518e-17            1            0            0            0            0            0            0            0            0            0            0            0            0            0            0            0            0            0            0            0    -0.597238     0.713847     0.290986    -0.245263     0.898695            0            0    -0.120069     0.753229     0.530747
           1  -2.2039e-17 -1.17534e-17 -2.18111e-19    -0.238166    -0.017768            0            0            0            0            0            0            0            0            0            0            0            0            0            0            0            0            0            0            0    -0.310908     0.305695    -0.183406   -0.0504965  1.93563e-17            0            0     -0.12866     0.103862    -0.211069
 -2.2039e-17            1   4.8518e-17     0.238166 -5.92245e-18     0.133074            0            0            0            0            0            0            0            0            0            0            0            0            0            0            0            0            0            0            0     0.236436       0.1779   -0.0225538     0.224486 -1.13109e-17            0            0     0.180995     0.204132    0.0799151
-1.17534e-17   4.8518e-17            1     0.017768    -0.133074  1.20617e-18            0            0            0            0            0            0            0            0            0            0            0            0            0            0            0            0            0            0            0    -0.242945    -0.242506    0.0467492   -0.0898051  1.15974e-18            0            0   -0.0583855    0.0732613    -0.111972
           0            0            0            1  -2.2039e-17 -1.17534e-17            0            0            0            0            0            0            0            0            0            0            0            0            0            0            0            0            0            0            0     0.725981     0.674951    -0.043359     0.962209     0.179886     0.535196            0     0.827041     0.436238    0.0389911
           0            0            0  -2.2039e-17            1   4.8518e-17            0            0            0            0            0            0            0            0            0            0            0            0            0            0            0            0            0            0            0     0.340968    -0.186718     0.955744     0.118325     0.399985     0.726749            0      0.54917    -0.492283     0.846633
           0            0            0 -1.17534e-17   4.8518e-17            1            0            0            0            0            0            0            0            0            0            0            0            0            0            0            0            0            0            0            0    -0.597238     0.713847     0.290986    -0.245263     0.898695    -0.430583            0    -0.120069     0.753229     0.530747
           1  -2.2039e-17 -1.17534e-17 -2.18111e-19    -0.238166    -0.017768            0            0            0            0            0            0            0            0            0            0            0            0            0            0            0            0            0            0            0    -0.310908     0.305695    -0.183406   -0.0504965  1.93563e-17  2.65554e-18            0     -0.12866     0.103862    -0.211069
 -2.2039e-17            1   4.8518e-17     0.238166 -5.92245e-18     0.133074            0            0            0            0            0            0            0            0            0            0            0            0            0            0            0            0            0            0            0     0.236436       0.1779   -0.0225538     0.224486 -1.13109e-17 -1.20962e-17            0     0.180995     0.204132    0.0799151
-1.17534e-17   4.8518e-17            1     0.017768    -0.133074  1.20617e-18            0            0            0            0            0            0            0            0            0            0            0            0            0            0            0            0            0            0            0    -0.242945    -0.242506    0.0467492   -0.0898051  1.15974e-18 -1.71156e-17            0   -0.0583855    0.0732613    -0.111972
           0            0            0            1  -2.2039e-17 -1.17534e-17            0            0            0            0            0            0            0            0            0            0            0            0            0            0            0            0            0            0            0     0.725981     0.674951    -0.043359     0.962209     0.179886     0.535196     0.549226     0.827041     0.436238    0.0389911
           0            0            0  -2.2039e-17            1   4.8518e-17            0            0            0            0            0            0            0            0            0            0            0            0            0            0            0            0            0            0            0     0.340968    -0.186718     0.955744     0.118325     0.399985     0.726749    -0.686656      0.54917    -0.492283     0.846633
           0            0            0 -1.17534e-17   4.8518e-17            1            0            0            0            0            0            0            0            0            0            0            0            0            0            0            0            0            0            0            0    -0.597238     0.713847     0.290986    -0.245263     0.898695    -0.430583    -0.476292    -0.120069     0.753229     0.530747
           1  -2.2039e-17 -1.17534e-17 -2.18111e-19    -0.238166    -0.017768            0            0            0            0            0            0            0            0            0            0            0            0            0            0            0            0            0            0            0    -0.310908     0.305695    -0.183406   -0.0504965  1.93563e-17  2.65554e-18 -4.07796e-18     -0.12866     0.103862    -0.211069
 -2.2039e-17            1   4.8518e-17     0.238166 -5.92245e-18     0.133074            0            0            0            0            0            0            0            0            0            0            0            0            0            0            0            0            0            0            0     0.236436       0.1779   -0.0225538     0.224486 -1.13109e-17 -1.20962e-17 -2.47095e-17     0.180995     0.204132    0.0799151
-1.17534e-17   4.8518e-17            1     0.017768    -0.133074  1.20617e-18            0            0            0            0            0            0            0            0            0            0            0            0            0            0            0            0            0            0            0    -0.242945    -0.242506    0.0467492   -0.0898051  1.15974e-18 -1.71156e-17  3.09206e-17   -0.0583855    0.0732613    -0.111972
           0            0            0            1  -2.2039e-17 -1.17534e-17            0            0            0            0            0            0     0.725981            0            0            0            0            0            0            0            0            0            0            0            0            0            0            0            0            0            0            0     0.827041     0.436238    0.0389911
           0            0            0  -2.2039e-17            1   4.8518e-17            0            0            0            0            0            0     0.340968            0            0            0            0            0            0            0            0            0            0            0            0            0            0            0            0            0            0            0      0.54917    -0.492283     0.846633
           0            0            0 -1.17534e-17   4.8518e-17            1            0            0            0            0            0            0    -0.597238            0            0            0            0            0            0            0            0            0            0            0            0            0            0            0            0            0            0            0    -0.120069     0.753229     0.530747
           1  -2.2039e-17 -1.17534e-17  6.27228e-19     0.311181    -0.224718            0            0            0            0            0            0 -2.65605e-18            0            0            0            0            0            0            0            0            0            0            0            0            0            0            0            0            0            0            0     0.197873    -0.322454     0.144188
 -2.2039e-17            1   4.8518e-17    -0.311181   1.1462e-17    -0.138809            0            0            0            0            0            0   6.6981e-18            0            0            0            0            0            0            0            0            0            0            0            0            0            0            0            0            0            0            0    -0.240693    -0.240304   -0.0858057
-1.17534e-17   4.8518e-17            1     0.224718     0.138809 -2.48858e-18            0            0            0            0            0            0  5.95406e-19            0            0            0            0            0            0            0            0            0            0            0            0            0            0            0            0            0            0            0     0.262081    0.0296972     0.126282
           0            0            0            1  -2.2039e-17 -1.17534e-17            0            0            0            0            0            0     0.725981     0.438204            0            0            0            0            0            0            0            0            0            0            0            0            0            0            0            0            0            0     0.827041     0.436238    0.0389911
           0            0            0  -2.2039e-17            1   4.8518e-17            0            0            0            0            0            0     0.340968     0.439961            0            0            0            0            0            0            0            0            0            0            0            0            0            0            0            0            0            0      0.54917    -0.492283     0.846633
           0            0            0 -1.17534e-17   4.8518e-17            1            0            0            0            0            0            0    -0.597238     0.783844            0            0            0            0            0            0            0            0            0            0            0            0            0            0            0            0            0            0    -0.120069     0.753229     0.530747
           1  -2.2039e-17 -1.17534e-17  6.27228e-19     0.311181    -0.224718            0            0            0            0            0            0 -2.65605e-18  1.03234e-17            0            0            0            0            0            0            0            0            0            0            0            0            0            0            0            0            0            0     0.197873    -0.322454     0.144188
 -2.2039e-17            1   4.8518e-17    -0.311181   1.1462e-17    -0.138809            0            0            0            0            0            0   6.6981e-18  2.69105e-17            0            0            0            0            0            0            0            0            0            0            0            0            0            0            0            0            0            0    -0.240693    -0.240304   -0.0858057
-1.17534e-17   4.8518e-17            1     0.224718     0.138809 -2.48858e-18            0            0            0            0            0            0  5.95406e-19 -2.08758e-17            0            0            0            0            0            0            0            0            0            0            0            0            0            0            0            0            0            0     0.262081    0.0296972     0.126282
           0            0            0            1  -2.2039e-17 -1.17534e-17            0            0            0            0            0            0     0.725981     0.438204    -0.898871            0            0            0            0            0            0            0            0            0            0            0            0            0            0            0            0            0     0.827041     0.436238    0.0389911
           0            0            0  -2.2039e-17            1   4.8518e-17            0            0            0            0            0            0     0.340968     0.439961     0.217087            0            0            0            0            0            0            0            0            0            0            0            0            0            0            0            0            0      0.54917    -0.492283     0.846633
           0            0            0 -1.17534e-17   4.8518e-17            1            0            0            0            0            0            0    -0.597238     0.783844     0.380662            0            0            0            0            0            0            0            0            0            0            0            0            0            0            0            0            0    -0.120069     0.753229     0.530747
           1  -2.2039e-17 -1.17534e-17   6.1376e-18     0.211067    -0.167624            0            0            0            0            0            0   -0.0682343  0.000706245 -8.21572e-19            0            0            0            0            0            0            0            0            0            0            0            0            0            0            0            0            0     0.136038    -0.230164    0.0897302
 -2.2039e-17            1   4.8518e-17    -0.211067  1.10182e-17    0.0975941            0            0            0            0            0            0   -0.0685079     0.229174  6.93389e-18            0            0            0            0            0            0            0            0            0            0            0            0            0            0            0            0            0    -0.186279   -0.0185647     0.043568
-1.17534e-17   4.8518e-17            1     0.167624   -0.0975941  3.86247e-19            0            0            0            0            0            0    -0.122055    -0.129027 -5.89432e-18            0            0            0            0            0            0            0            0            0            0            0            0            0            0            0            0            0    0.0850365     0.121168   -0.0760905
           0            0            0            1  -2.2039e-17 -1.17534e-17            0            0            0            0            0            0     0.725981     0.438204    -0.898871     -0.21665            0            0            0            0            0            0            0            0            0            0            0            0            0            0            0            0     0.827041     0.436238    0.0389911
           0            0            0  -2.2039e-17            1   4.8518e-17            0            0            0            0            0            0     0.340968     0.439961     0.217087     0.534931            0            0            0            0            0            0            0            0            0            0            0            0            0            0            0            0      0.54917    -0.492283     0.846633
           0            0            0 -1.17534e-17   4.8518e-17            1            0            0            0            0            0            0    -0.597238     0.783844     0.380662    -0.816647            0            0            0            0            0            0            0            0            0            0            0            0            0            0            0            0    -0.120069     0.753229     0.530747
           1  -2.2039e-17 -1.17534e-17   6.1376e-18     0.211067    -0.167624            0            0            0            0            0            0   -0.0682343  0.000706245 -8.21572e-19   1.2607e-17            0            0            0            0            0            0            0            0            0            0            0            0            0            0            0            0     0.136038    -0.230164    0.0897302
 -2.2039e-17            1   4.8518e-17    -0.211067  1.10182e-17    0.0975941            0            0            0            0            0            0   -0.0685079     0.229174  6.93389e-18  1.77485e-17            0            0            0            0            0            0            0            0            0            0            0            0            0            0            0            0    -0.186279   -0.0185647     0.043568
-1.17534e-17   4.8518e-17            1     0.167624   -0.0975941  3.86247e-19            0            0            0            0            0            0    -0.122055    -0.129027 -5.89432e-18  8.28132e-18            0            0            0            0            0            0            0            0            0            0            0            0            0            0            0            0    0.0850365     0.121168   -0.0760905
           0            0            0            1  -2.2039e-17 -1.17534e-17            0            0            0            0            0            0     0.725981     0.438204    -0.898871     -0.21665    -0.937156            0            0            0            0            0            0            0            0            0            0            0            0            0            0            0     0.827041     0.436238    0.0389911
           0            0            0  -2.2039e-17            1   4.8518e-17            0            0            0            0            0            0     0.340968     0.439961     0.217087     0.534931     0.120393            0            0            0            0            0            0            0            0            0            0            0            0            0            0            0      0.54917    -0.492283     0.846633
           0            0            0 -1.17534e-17   4.8518e-17            1            0            0            0            0            0            0    -0.597238     0.783844     0.380662    -0.816647     0.327481            0            0            0            0            0            0            0            0            0            0            0            0            0            0            0    -0.120069     0.753229     0.530747
           1  -2.2039e-17 -1.17534e-17  2.84391e-18     0.130179    -0.137888            0            0            0            0            0            0    -0.113574   -0.0115721  -0.00623993    -0.067554 -1.12196e-18            0            0            0            0            0            0            0            0            0            0            0            0            0            0            0    0.0880465    -0.167946    0.0370307
 -2.2039e-17            1   4.8518e-17    -0.130179  8.42967e-18     0.329072            0            0            0            0            0            0    -0.148032     0.446061    0.0154071     -0.20656  2.56482e-18            0            0            0            0            0            0            0            0            0            0            0            0            0            0            0    -0.147175     0.191077     0.169578
-1.17534e-17   4.8518e-17            1     0.137888    -0.329072  1.07065e-18            0            0            0            0            0            0     -0.22257    -0.243899    -0.023521    -0.117382 -4.15363e-18            0            0            0            0            0            0            0            0            0            0            0            0            0            0            0   -0.0666777     0.222148    -0.273227
           0            0            0            1  -2.2039e-17 -1.17534e-17            0            0            0            0            0            0     0.725981     0.438204    -0.898871     -0.21665    -0.937156    -0.344311            0            0            0            0            0            0            0            0            0            0            0            0            0            0     0.827041     0.436238    0.0389911
           0            0            0  -2.2039e-17            1   4.8518e-17            0            0            0            0            0            0     0.340968     0.439961     0.217087     0.534931     0.120393    -0.167223            0            0            0            0            0            0            0            0            0            0            0            0            0            0      0.54917    -0.492283     0.846633
           0            0            0 -1.17534e-17   4.8518e-17            1            0            0            0            0            0            0    -0.597238     0.783844     0.380662    -0.816647     0.327481    -0.923843            0            0            0            0            0            0            0            0            0            0            0            0            0            0    -0.120069     0.753229     0.530747
           1  -2.2039e-17 -1.17534e-17  2.84391e-18     0.130179    -0.137888            0            0            0            0            0            0    -0.113574   -0.0115721  -0.00623993    -0.067554 -1.12196e-18 -9.11294e-18            0            0            0            0            0            0            0            0            0            0            0            0            0            0    0.0880465    -0.167946    0.0370307
 -2.2039e-17            1   4.8518e-17    -0.130179  8.42967e-18     0.329072            0            0            0            0            0            0    -0.148032     0.446061    0.0154071     -0.20656  2.56482e-18  3.99538e-18            0            0            0            0            0            0            0            0            0            0            0            0            0            0    -0.147175     0.191077     0.169578
-1.17534e-17   4.8518e-17            1     0.137888    -0.329072  1.07065e-18            0            0            0            0            0            0     -0.22257    -0.243899    -0.023521    -0.117382 -4.15363e-18  2.67315e-18            0            0            0            0            0            0            0            0            0            0            0            0            0            0   -0.0666777     0.222148    -0.273227
           0            0            0            1  -2.2039e-17 -1.17534e-17            0            0            0            0            0            0     0.725981     0.438204    -0.898871     -0.21665    -0.937156    -0.344311   -0.0356856            0            0            0            0            0            0            0            0            0            0            0            0            0     0.827041     0.436238    0.0389911
           0            0            0  -2.2039e-17            1   4.8518e-17            0            0            0            0            0            0     0.340968     0.439961     0.217087     0.534931     0.120393    -0.167223      0.98563            0            0            0            0            0            0            0            0            0            0            0            0            0      0.54917    -0.492283     0.846633
           0            0            0 -1.17534e-17   4.8518e-17            1            0            0            0            0            0            0    -0.597238     0.783844     0.380662    -0.816647     0.327481    -0.923843    -0.165107            0            0            0            0            0            0            0            0            0            0            0            0            0    -0.120069     0.753229     0.530747
           1  -2.2039e-17 -1.17534e-17  2.84391e-18     0.130179    -0.137888            0            0            0            0            0            0    -0.113574   -0.0115721  -0.00623993    -0.067554 -1.12196e-18 -9.11294e-18  2.92766e-20            0            0            0            0            0            0            0            0            0            0            0            0            0    0.0880465    -0.167946    0.0370307
 -2.2039e-17            1   4.8518e-17    -0.130179  8.42967e-18     0.329072            0            0            0            0            0            0    -0.148032     0.446061    0.0154071     -0.20656  2.56482e-18  3.99538e-18 -7.77625e-20            0            0            0            0            0            0            0            0            0            0            0            0            0    -0.147175     0.191077     0.169578
-1.17534e-17   4.8518e-17            1     0.137888    -0.329072  1.07065e-18            0            0            0            0            0            0     -0.22257    -0.243899    -0.023521    -0.117382 -4.15363e-18  2.67315e-18 -4.70543e-19            0            0            0            0            0            0            0            0            0            0            0            0            0   -0.0666777     0.222148    -0.273227
           0            0            0            1  -2.2039e-17 -1.17534e-17            0            0            0            0            0            0            0            0            0            0            0            0            0     0.559783            0            0            0            0            0            0            0            0            0            0            0            0            0            0            0
           0            0            0  -2.2039e-17            1   4.8518e-17            0            0            0            0            0            0            0            0            0            0            0            0            0    -0.785015            0            0            0            0            0            0            0            0            0            0            0            0            0            0            0
           0            0            0 -1.17534e-17   4.8518e-17            1            0            0            0            0            0            0            0            0            0            0            0            0            0     0.265319            0            0            0            0            0            0            0            0            0            0            0            0            0            0            0
           1  -2.2039e-17 -1.17534e-17  1.32984e-19   -0.0108062   -0.0494253            0            0            0            0            0            0            0            0            0            0            0            0            0  2.06219e-17            0            0            0            0            0            0            0            0            0            0            0            0            0            0            0
 -2.2039e-17            1   4.8518e-17    0.0108062  6.20028e-19    0.0744336            0            0            0            0            0            0            0            0            0            0            0            0            0  1.45123e-17            0            0            0            0            0            0            0            0            0            0            0            0            0            0            0
-1.17534e-17   4.8518e-17            1    0.0494253   -0.0744336 -3.55754e-20            0            0            0            0            0            0            0            0            0            0            0            0            0 -5.70665e-19            0            0            0            0            0            0            0            0            0            0            0            0            0            0            0
           0            0            0            1  -2.2039e-17 -1.17534e-17            0            0            0            0            0            0            0            0            0            0            0            0            0     0.559783      0.70461            0            0            0            0            0            0            0            0            0            0            0            0            0            0
           0            0            0  -2.2039e-17            1   4.8518e-17            0            0            0            0            0            0            0            0            0            0            0            0            0    -0.785015     0.282434            0            0            0            0            0            0            0            0            0            0            0            0            0            0
           0            0            0 -1.17534e-17   4.8518e-17            1            0            0            0            0            0            0            0            0            0            0            0            0            0     0.265319    -0.650966            0            0            0            0            0            0            0            0            0            0            0            0            0            0
           1  -2.2039e-17 -1.17534e-17  1.32984e-19   -0.0108062   -0.0494253            0            0            0            0            0            0            0            0            0            0            0            0            0  2.06219e-17 -1.59061e-17            0            0            0            0            0            0            0            0            0            0            0            0            0            0
 -2.2039e-17            1   4.8518e-17    0.0108062  6.20028e-19    0.0744336            0            0            0            0            0            0            0            0            0            0            0            0            0  1.45123e-17 -1.58306e-17            0            0            0            0            0            0            0            0            0            0            0            0            0            0
-1.17534e-17   4.8518e-17            1    0.0494253   -0.0744336 -3.55754e-20            0            0            0            0            0            0            0            0            0            0            0            0            0 -5.70665e-19 -2.40852e-17            0            0            0            0            0            0            0            0            0            0            0            0            0            0
           0            0            0            1  -2.2039e-17 -1.17534e-17            0            0            0            0            0            0            0            0            0            0            0            0            0     0.559783      0.70461   -0.0563374            0            0            0            0            0            0            0            0            0            0            0            0            0
           0            0            0  -2.2039e-17            1   4.8518e-17            0            0            0            0            0            0            0            0            0            0            0            0            0    -0.785015     0.282434     0.936746            0            0            0            0            0            0            0            0            0            0            0            0            0
           0            0            0 -1.17534e-17   4.8518e-17            1            0            0            0            0            0            0            0            0            0            0            0            0            0     0.265319    -0.650966     0.345445            0            0            0            0            0            0            0            0            0            0            0            0            0
           1  -2.2039e-17 -1.17534e-17 -5.05848e-18    -0.132921     0.281715            0            0            0            0            0            0            0            0            0            0            0            0            0      0.18372     -0.25005 -2.15849e-18            0            0            0            0            0            0            0            0            0            0            0            0            0
 -2.2039e-17            1   4.8518e-17     0.132921 -7.60636e-18    0.0943489            0            0            0            0            0            0            0            0            0            0            0            0            0    0.0736417    0.0730791  7.51305e-18            0            0            0            0            0            0            0            0            0            0            0            0            0
-1.17534e-17   4.8518e-17            1    -0.281715   -0.0943489 -2.67917e-18            0            0            0            0            0            0            0            0            0            0            0            0            0    -0.169733    -0.238949 -2.07252e-17            0            0            0            0            0            0            0            0            0            0            0            0            0
           0            0            0            1  -2.2039e-17 -1.17534e-17            0            0            0            0            0            0            0            0            0            0            0            0            0     0.559783      0.70461   -0.0563374     0.965883            0            0            0            0            0            0            0            0            0            0            0            0
           0            0            0  -2.2039e-17            1   4.8518e-17            0            0            0            0            0            0            0            0            0            0            0            0            0    -0.785015     0.282434     0.936746     0.138734            0            0            0            0            0            0            0            0            0            0            0            0
           0            0            0 -1.17534e-17   4.8518e-17            1            0            0            0            0            0            0            0            0            0            0            0            0            0     0.265319    -0.650966     0.345445    -0.218685            0            0            0            0            0            0            0            0            0            0            0            0
           1  -2.2039e-17 -1.17534e-17 -5.05848e-18    -0.132921     0.281715            0            0            0            0            0            0            0            0            0            0            0            0            0      0.18372     -0.25005 -2.15849e-18  1.26248e-17            0            0            0            0            0            0            0            0            0            0            0            0
 -2.2039e-17            1   4.8518e-17     0.132921 -7.60636e-18    0.0943489            0            0            0            0            0            0            0            0            0            0            0            0            0    0.0736417    0.0730791  7.51305e-18 -2.00258e-18            0            0            0            0            0            0            0            0            0            0            0            0
-1.17534e-17   4.8518e-17            1    -0.281715   -0.0943489 -2.67917e-18            0            0            0            0            0            0            0            0            0            0            0            0            0    -0.169733    -0.238949 -2.07252e-17  5.44906e-17            0            0            0            0            0            0            0            0            0            0            0            0
           0            0            0            1  -2.2039e-17 -1.17534e-17            0            0            0            0            0            0            0            0            0            0            0            0            0     0.559783      0.70461   -0.0563374     0.965883     0.965883            0            0            0            0            0            0            0            0            0            0            0
           0            0            0  -2.2039e-17            1   4.8518e-17            0            0            0            0            0            0            0            0            0            0            0            0            0    -0.785015     0.282434     0.936746     0.138734     0.138734            0            0            0            0            0            0            0            0            0            0            0
           0            0            0 -1.17534e-17   4.8518e-17            1            0            0            0            0            0            0            0            0            0            0            0            0            0     0.265319    -0.650966     0.345445    -0.218685    -0.218685            0            0            0            0            0            0            0            0            0            0            0
           1  -2.2039e-17 -1.17534e-17 -6.11388e-18   -0.0660917     0.568696            0            0            0            0            0            0            0            0            0            0            0            0            0     0.207399     -0.41799     0.161738   -0.0534871  9.34198e-18            0            0            0            0            0            0            0            0            0            0            0
 -2.2039e-17            1   4.8518e-17    0.0660917  1.34848e-18       0.1507            0            0            0            0            0            0            0            0            0            0            0            0            0    0.0511829   -0.0106922    0.0232313   -0.0768724 -7.46028e-18            0            0            0            0            0            0            0            0            0            0            0
-1.17534e-17   4.8518e-17            1    -0.568696      -0.1507  5.09914e-19            0            0            0            0            0            0            0            0            0            0            0            0            0    -0.286143    -0.457075   -0.0366191    -0.285008  3.65286e-17            0            0            0            0            0            0            0            0            0            0            0
           0            0            0            1  -2.2039e-17 -1.17534e-17            0            0            0            0            0            0            0            0            0            0            0            0            0     0.559783      0.70461   -0.0563374     0.965883     0.965883     0.243387            0            0            0            0            0            0            0            0            0            0
           0            0            0  -2.2039e-17            1   4.8518e-17            0            0            0            0            0            0            0            0            0            0            0            0            0    -0.785015     0.282434     0.936746     0.138734     0.138734    -0.197694            0            0            0            0            0            0            0            0            0            0
           0            0            0 -1.17534e-17   4.8518e-17            1            0            0            0            0            0            0            0            0            0            0            0            0            0     0.265319    -0.650966     0.345445    -0.218685    -0.218685     0.949568            0            0            0            0            0            0            0            0            0            0
           1  -2.2039e-17 -1.17534e-17 -6.11388e-18   -0.0660917     0.568696            0            0            0            0            0            0            0            0            0            0            0            0            0     0.207399     -0.41799     0.161738   -0.0534871  9.34198e-18  2.85487e-18            0            0            0            0            0            0            0            0            0            0
 -2.2039e-17            1   4.8518e-17    0.0660917  1.34848e-18       0.1507            0            0            0            0            0            0            0            0            0            0            0            0            0    0.0511829   -0.0106922    0.0232313   -0.0768724 -7.46028e-18  3.37231e-18            0            0            0            0            0            0            0            0            0            0
-1.17534e-17   4.8518e-17            1    -0.568696      -0.1507  5.09914e-19            0            0            0            0            0            0            0            0            0            0            0            0            0    -0.286143    -0.457075   -0.0366191    -0.285008  3.65286e-17 -2.96482e-20            0            0            0            0            0            0            0            0            0            0
           0            0            0            1  -2.2039e-17 -1.17534e-17     0.559783            0            0            0            0            0            0            0            0            0            0            0            0            0            0            0            0            0            0            0            0            0            0            0            0            0            0            0            0
           0            0            0  -2.2039e-17            1   4.8518e-17    -0.785015            0            0            0            0            0            0            0            0            0            0            0            0            0            0            0            0            0            0            0            0            0            0            0            0            0            0            0            0
           0            0            0 -1.17534e-17   4.8518e-17            1     0.265319            0            0            0            0            0            0            0            0            0            0            0            0            0            0            0            0            0            0            0            0            0            0            0            0            0            0            0            0
           1  -2.2039e-17 -1.17534e-17  1.79995e-20    0.0108062    0.0494253 -6.69932e-18            0            0            0            0            0            0            0            0            0            0            0            0            0            0            0            0            0            0            0            0            0            0            0            0            0            0            0            0
 -2.2039e-17            1   4.8518e-17   -0.0108062 -7.65718e-19   -0.0744336  -2.1686e-18            0            0            0            0            0            0            0            0            0            0            0            0            0            0            0            0            0            0            0            0            0            0            0            0            0            0            0            0
-1.17534e-17   4.8518e-17            1   -0.0494253    0.0744336            0  7.71819e-18            0            0            0            0            0            0            0            0            0            0            0            0            0            0            0            0            0            0            0            0            0            0            0            0            0            0            0            0
           0            0            0            1  -2.2039e-17 -1.17534e-17     0.559783     0.822715            0            0            0            0            0            0            0            0            0            0            0            0            0            0            0            0            0            0            0            0            0            0            0            0            0            0            0
           0            0            0  -2.2039e-17            1   4.8518e-17    -0.785015      0.56474            0            0            0            0            0            0            0            0            0            0            0            0            0            0            0            0            0            0            0            0            0            0            0            0            0            0            0
           0            0            0 -1.17534e-17   4.8518e-17            1     0.265319   -0.0648753            0            0            0            0            0            0            0            0            0            0            0            0            0            0            0            0            0            0            0            0            0            0            0            0            0            0            0
           1  -2.2039e-17 -1.17534e-17  1.79995e-20    0.0108062    0.0494253 -6.69932e-18   6.5892e-18            0            0            0            0            0            0            0            0            0            0            0            0            0            0            0            0            0            0            0            0            0            0            0            0            0            0            0
 -2.2039e-17            1   4.8518e-17   -0.0108062 -7.65718e-19   -0.0744336  -2.1686e-18 -9.31659e-18            0            0            0            0            0            0            0            0            0            0            0            0            0            0            0            0            0            0            0            0            0            0            0            0            0            0            0
-1.17534e-17   4.8518e-17            1   -0.0494253    0.0744336            0  7.71819e-18  2.45982e-18            0            0            0            0            0            0            0            0            0            0            0            0            0            0            0            0            0            0            0            0            0            0            0            0            0            0            0
           0            0            0            1  -2.2039e-17 -1.17534e-17     0.559783     0.822715   -0.0513067            0            0            0            0            0            0            0            0            0            0            0            0            0            0            0            0            0            0            0            0            0            0            0            0            0            0
           0            0            0  -2.2039e-17            1   4.8518e-17    -0.785015      0.56474      0.18743            0            0            0            0            0            0            0            0            0            0            0            0            0            0            0            0            0            0            0            0            0            0            0            0            0            0
           0            0            0 -1.17534e-17   4.8518e-17            1     0.265319   -0.0648753     0.980937            0            0            0            0            0            0            0            0            0            0            0            0            0            0            0            0            0            0            0            0            0            0            0            0            0            0
           1  -2.2039e-17 -1.17534e-17 -8.51692e-19    -0.335955     0.115682     0.289792    -0.200128  9.77501e-18            0            0            0            0            0            0            0            0            0            0            0            0            0            0            0            0            0            0            0            0            0            0            0            0            0            0
 -2.2039e-17            1   4.8518e-17     0.335955  2.93073e-18   -0.0562967     0.198923     0.284109  -1.0169e-17            0            0            0            0            0            0            0            0            0            0            0            0            0            0            0            0            0            0            0            0            0            0            0            0            0            0
-1.17534e-17   4.8518e-17            1    -0.115682    0.0562967 -1.51958e-18   -0.0228516    -0.064753  2.45429e-18            0            0            0            0            0            0            0            0            0            0            0            0            0            0            0            0            0            0            0            0            0            0            0            0            0            0
           0            0            0            1  -2.2039e-17 -1.17534e-17     0.559783     0.822715   -0.0513067    0.0366128            0            0            0            0            0            0            0            0            0            0            0            0            0            0            0            0            0            0            0            0            0            0            0            0            0
           0            0            0  -2.2039e-17            1   4.8518e-17    -0.785015      0.56474      0.18743     0.981923            0            0            0            0            0            0            0            0            0            0            0            0            0            0            0            0            0            0            0            0            0            0            0            0            0
           0            0            0 -1.17534e-17   4.8518e-17            1     0.265319   -0.0648753     0.980937    -0.185704            0            0            0            0            0            0            0            0            0            0            0            0            0            0            0            0            0            0            0            0            0            0            0            0            0
           1  -2.2039e-17 -1.17534e-17 -8.51692e-19    -0.335955     0.115682     0.289792    -0.200128  9.77501e-18 -3.49694e-17            0            0            0            0            0            0            0            0            0            0            0            0            0            0            0            0            0            0            0            0            0            0            0            0            0
 -2.2039e-17            1   4.8518e-17     0.335955  2.93073e-18   -0.0562967     0.198923     0.284109  -1.0169e-17  7.34339e-18            0            0            0            0            0            0            0            0            0            0            0            0            0            0            0            0            0            0            0            0            0            0            0            0            0
-1.17534e-17   4.8518e-17            1    -0.115682    0.0562967 -1.51958e-18   -0.0228516    -0.064753  2.45429e-18  3.19342e-17            0            0            0            0            0            0            0            0            0            0            0            0            0            0            0            0            0            0            0            0            0            0            0            0            0
           0            0            0            1  -2.2039e-17 -1.17534e-17     0.559783     0.822715   -0.0513067    0.0366128    0.0366128            0            0            0            0            0            0            0            0            0            0            0            0            0            0            0            0            0            0            0            0            0            0            0            0
           0            0            0  -2.2039e-17            1   4.8518e-17    -0.785015      0.56474      0.18743     0.981923     0.981923            0            0            0            0            0            0            0            0            0            0            0            0            0            0            0            0            0            0            0            0            0            0            0            0
           0            0            0 -1.17534e-17   4.8518e-17            1     0.265319   -0.0648753     0.980937    -0.185704    -0.185704            0            0            0            0            0            0            0            0            0            0            0            0            0            0            0            0            0            0            0            0            0            0            0            0
           1  -2.2039e-17 -1.17534e-17  3.78544e-18    -0.534514     0.161444     0.457806    -0.315231   0.00767352    -0.203468 -1.43551e-19            0            0            0            0            0            0            0            0            0            0            0            0            0            0            0            0            0            0            0            0            0            0            0            0
 -2.2039e-17            1   4.8518e-17     0.534514  5.31598e-18     0.163885     0.368492     0.433183     0.205797   -0.0336188   -5.044e-18            0            0            0            0            0            0            0            0            0            0            0            0            0            0            0            0            0            0            0            0            0            0            0            0
-1.17534e-17   4.8518e-17            1    -0.161444    -0.163885  3.65918e-18     0.124378    -0.226747   -0.0389209    -0.217877 -2.66988e-17            0            0            0            0            0            0            0            0            0            0            0            0            0            0            0            0            0            0            0            0            0            0            0            0
           0            0            0            1  -2.2039e-17 -1.17534e-17     0.559783     0.822715   -0.0513067    0.0366128    0.0366128    -0.116374            0            0            0            0            0            0            0            0            0            0            0            0            0            0            0            0            0            0            0            0            0            0            0
           0            0            0  -2.2039e-17            1   4.8518e-17    -0.785015      0.56474      0.18743     0.981923     0.981923     0.188754            0            0            0            0            0            0            0            0            0            0            0            0            0            0            0            0            0            0            0            0            0            0            0
           0            0            0 -1.17534e-17   4.8518e-17            1     0.265319   -0.0648753     0.980937    -0.185704    -0.185704     0.975105            0            0            0            0            0            0            0            0            0            0            0            0            0            0            0            0            0            0            0            0            0            0            0
           1  -2.2039e-17 -1.17534e-17  3.78544e-18    -0.534514     0.161444     0.457806    -0.315231   0.00767352    -0.203468 -1.43551e-19  -1.7381e-17            0            0            0            0            0            0            0            0            0            0            0            0            0            0            0            0            0            0            0            0            0            0            0
 -2.2039e-17            1   4.8518e-17     0.534514  5.31598e-18     0.163885     0.368492     0.433183     0.205797   -0.0336188   -5.044e-18  4.28957e-17            0            0            0            0            0            0            0            0            0            0            0            0            0            0            0            0            0            0            0            0            0            0            0
-1.17534e-17   4.8518e-17            1    -0.161444    -0.163885  3.65918e-18     0.124378    -0.226747   -0.0389209    -0.217877 -2.66988e-17 -1.03778e-17            0            0            0            0            0            0            0            0            0            0            0            0            0            0            0            0            0            0            0            0            0            0            0
