    130.8         0         0         0   -5.4686         0         0  -9.93275     0.204      -3.8     -0.38         0   -1.2728         0         0   -0.4764         0     -0.04         0         0  -9.93275    -0.204      -3.8     -0.38         0   -1.2728         0         0   -0.4764         0     -0.04         0   13.3844         0         0
        0     130.8         0    5.4686         0     4.134   9.93275         0     0.157         0         0      0.38         0    1.2728     -0.04         0     -0.04         0      0.04   9.93275         0     0.157         0         0      0.38         0    1.2728     -0.04         0     -0.04         0      0.04         0  -13.9844      0.52
        0         0     130.8         0    -4.134         0    -0.454    -0.157         0    -0.157    -0.157         0     -0.26         0         0      0.04         0      0.04         0     0.454    -0.157         0    -0.157    -0.157         0     -0.26         0         0      0.04         0      0.04         0     -3.82         0         0
        0    5.4686         0   47.9039         0 -0.629801   12.1975   0.01413     0.209   0.01413   0.01413   1.32433    0.0546   6.13999   -0.0064   -0.0084   -0.0064   -0.0084    1.0104   12.1975  -0.01413     0.209  -0.01413  -0.01413   1.32433   -0.0546   6.13999   -0.0064    0.0084   -0.0064    0.0084    1.0104         0    20.989   -0.2228
  -5.4686         0    -4.134         0   47.6109         0         0   11.3287 -0.072114   5.87851   2.52954         0   7.17399         0         0   4.09776         0    2.0144         0         0   11.3287  0.072114   5.87851   2.52954         0   7.17399         0         0   4.09776         0    2.0144         0   21.9155         0         0
        0     4.134         0 -0.629801         0   31.9759     0.209 -0.966062   4.23173    -0.342   -0.0342    0.1064 -0.267288   -0.0204     5.004 -0.100044     3.004   -0.0084         0     0.209  0.966062   4.23173     0.342    0.0342    0.1064  0.267288   -0.0204     5.004  0.100044     3.004    0.0084         0         0   -1.0478   15.6325
        0   9.93275    -0.454   12.1975         0     0.209   12.1566         0     0.209         0         0   1.32433         0         0         0         0         0         0         0         0         0         0         0         0         0         0         0         0         0         0         0         0         0         0         0
 -9.93275         0    -0.157   0.01413   11.3287 -0.966062         0   11.3287 -0.072114   5.87851   2.52954         0         0         0         0         0         0         0         0         0         0         0         0         0         0         0         0         0         0         0         0         0         0         0         0
    0.204     0.157         0     0.209 -0.072114   4.23173     0.209 -0.072114   4.21337         0         0    0.1064         0         0         0         0         0         0         0         0         0         0         0         0         0         0         0         0         0         0         0         0         0         0         0
     -3.8         0    -0.157   0.01413   5.87851    -0.342         0   5.87851         0   4.53521   2.39521         0         0         0         0         0         0         0         0         0         0         0         0         0         0         0         0         0         0         0         0         0         0         0         0
    -0.38         0    -0.157   0.01413   2.52954   -0.0342         0   2.52954         0   2.39521   2.28121         0         0         0         0         0         0         0         0         0         0         0         0         0         0         0         0         0         0         0         0         0         0         0         0
        0      0.38         0   1.32433         0    0.1064   1.32433         0    0.1064         0         0     1.076         0         0         0         0         0         0         0         0         0         0         0         0         0         0         0         0         0         0         0         0         0         0         0
  -1.2728         0     -0.26    0.0546   7.17399 -0.267288         0         0         0         0         0         0   7.61947         0         0    4.2645         0    2.0284         0         0         0         0         0         0         0         0         0         0         0         0         0         0   7.17399    0.0546 -0.267288
        0    1.2728         0   6.13999         0   -0.0204         0         0         0         0         0         0         0   6.58547   -0.0204         0   -0.0204         0    1.0244         0         0         0         0         0         0         0         0         0         0         0         0         0         0   6.13999   -0.0204
        0     -0.04         0   -0.0064         0     5.004         0         0         0         0         0         0         0   -0.0204     5.004         0     3.004         0         0         0         0         0         0         0         0         0         0         0         0         0         0         0         0   -0.0064     5.004
  -0.4764         0      0.04   -0.0084   4.09776 -0.100044         0         0         0         0         0         0    4.2645         0         0   4.13921         0   2.01788         0         0         0         0         0         0         0         0         0         0         0         0         0         0   4.09776   -0.0084 -0.100044
        0     -0.04         0   -0.0064         0     3.004         0         0         0         0         0         0         0   -0.0204     3.004         0     3.004         0         0         0         0         0         0         0         0         0         0         0         0         0         0         0         0   -0.0064     3.004
    -0.04         0      0.04   -0.0084    2.0144   -0.0084         0         0         0         0         0         0    2.0284         0         0   2.01788         0     2.008         0         0         0         0         0         0         0         0         0         0         0         0         0         0    2.0144   -0.0084   -0.0084
        0      0.04         0    1.0104         0         0         0         0         0         0         0         0         0    1.0244         0         0         0         0     1.004         0         0         0         0         0         0         0         0         0         0         0         0         0         0    1.0104         0
        0   9.93275     0.454   12.1975         0     0.209         0         0         0         0         0         0         0         0         0         0         0         0         0   12.1566         0     0.209         0         0   1.32433         0         0         0         0         0         0         0         0         0         0
 -9.93275         0    -0.157  -0.01413   11.3287  0.966062         0         0         0         0         0         0         0         0         0         0         0         0         0         0   11.3287  0.072114   5.87851   2.52954         0         0         0         0         0         0         0         0         0         0         0
   -0.204     0.157         0     0.209  0.072114   4.23173         0         0         0         0         0         0         0         0         0         0         0         0         0     0.209  0.072114   4.21337         0         0    0.1064         0         0         0         0         0         0         0         0         0         0
     -3.8         0    -0.157  -0.01413   5.87851     0.342         0         0         0         0         0         0         0         0         0         0         0         0         0         0   5.87851         0   4.53521   2.39521         0         0         0         0         0         0         0         0         0         0         0
    -0.38         0    -0.157  -0.01413   2.52954    0.0342         0         0         0         0         0         0         0         0         0         0         0         0         0         0   2.52954         0   2.39521   2.28121         0         0         0         0         0         0         0         0         0         0         0
        0      0.38         0   1.32433         0    0.1064         0         0         0         0         0         0         0         0         0         0         0         0         0   1.32433         0    0.1064         0         0     1.076         0         0         0         0         0         0         0         0         0         0
  -1.2728         0     -0.26   -0.0546   7.17399  0.267288         0         0         0         0         0         0         0         0         0         0         0         0         0         0         0         0         0         0         0   7.61947         0         0    4.2645         0    2.0284         0   7.17399   -0.0546  0.267288
        0    1.2728         0   6.13999         0   -0.0204         0         0         0         0         0         0         0         0         0         0         0         0         0         0         0         0         0         0         0         0   6.58547   -0.0204         0   -0.0204         0    1.0244         0   6.13999   -0.0204
        0     -0.04         0   -0.0064         0     5.004         0         0         0         0         0         0         0         0         0         0         0         0         0         0         0         0         0         0         0         0   -0.0204     5.004         0     3.004         0         0         0   -0.0064     5.004
  -0.4764         0      0.04    0.0084   4.09776  0.100044         0         0         0         0         0         0         0         0         0         0         0         0         0         0         0         0         0         0         0    4.2645         0         0   4.13921         0   2.01788         0   4.09776    0.0084  0.100044
        0     -0.04         0   -0.0064         0     3.004         0         0         0         0         0         0         0         0         0         0         0         0         0         0         0         0         0         0         0         0   -0.0204     3.004         0     3.004         0         0         0   -0.0064     3.004
    -0.04         0      0.04    0.0084    2.0144    0.0084         0         0         0         0         0         0         0         0         0         0         0         0         0         0         0         0         0         0         0    2.0284         0         0   2.01788         0     2.008         0    2.0144    0.0084    0.0084
        0      0.04         0    1.0104         0         0         0         0         0         0         0         0         0         0         0         0         0         0         0         0         0         0         0         0         0         0    1.0244         0         0         0         0     1.004         0    1.0104         0
  13.3844         0     -3.82         0   21.9155         0         0         0         0         0         0         0   7.17399         0         0   4.09776         0    2.0144         0         0         0         0         0         0         0   7.17399         0         0   4.09776         0    2.0144         0   21.9155         0         0
        0  -13.9844         0    20.989         0   -1.0478         0         0         0         0         0         0    0.0546   6.13999   -0.0064   -0.0084   -0.0064   -0.0084    1.0104         0         0         0         0         0         0   -0.0546   6.13999   -0.0064    0.0084   -0.0064    0.0084    1.0104         0    20.989   -0.2228
        0      0.52         0   -0.2228         0   15.6325         0         0         0         0         0         0 -0.267288   -0.0204     5.004 -0.100044     3.004   -0.0084         0         0         0         0         0         0         0  0.267288   -0.0204     5.004  0.100044     3.004    0.0084         0         0   -0.2228   15.6325
